<html>
<body>
<pre>
<h1>µVision Build Log</h1>
<h2>Tool Versions:</h2>
IDE-Version: µVision V5.38.0.0
Copyright (C) 2022 ARM Ltd and ARM Germany GmbH. All rights reserved.
License Information: Gabriel Vantuil, Nexxto, LIC=----
 
Tool Versions:
Toolchain:       MDK-Lite  Version: 5.38.0.0
Toolchain Path:  C:\Keil_v5\ARM\ARM_Compiler_5.06u7\Bin
C Compiler:      Armcc.exe V5.06 update 7 (build 960)
Assembler:       Armasm.exe V5.06 update 7 (build 960)
Linker/Locator:  ArmLink.exe V5.06 update 7 (build 960)
Library Manager: ArmAr.exe V5.06 update 7 (build 960)
Hex Converter:   FromElf.exe V5.06 update 7 (build 960)
CPU DLL:         SARMCM3.DLL V5.38.0.0
Dialog DLL:      DCM.DLL V1.17.5.0
Target DLL:      UL2CM3.DLL V1.164.8.0
Dialog DLL:      TCM.DLL V1.56.4.0
 
<h2>Project:</h2>
C:\Users\gabri\Meu Drive\Pessoal\Projetos\00_NRF528XX\custom\nRF5_SDK_17.1.0_ddde560\examples\#custom\#ble_flashlight\pca10040e\s112\arm5_no_packs\ble_flashlight.uvprojx
Project File Date:  05/11/2024

<h2>Output:</h2>
*** Using Compiler 'V5.06 update 7 (build 960)', folder: 'C:\Keil_v5\ARM\ARM_Compiler_5.06u7\Bin'
Build target 'nrf52810_xxaa'
Note: source file 'RTE/Device/nRF52810_xxAA/system_nrf52.c' - object file renamed from '.\_build\system_nrf52.o' to '.\_build\system_nrf52_1.o'.
linking...
Program Size: Code=18608 RO-data=2996 RW-data=240 ZI-data=5104  
FromELF: creating hex file...
".\_build\nrf52810_xxaa.axf" - 0 Error(s), 0 Warning(s).

<h2>Software Packages used:</h2>

Package Vendor: ARM
                http://www.keil.com/pack/ARM.CMSIS.5.6.0.pack
                ARM.CMSIS.5.6.0
                CMSIS (Cortex Microcontroller Software Interface Standard)
   * Component: CORE Version: 5.3.0

Package Vendor: NordicSemiconductor
                http://developer.nordicsemi.com/nRF5_SDK/pieces/nRF_DeviceFamilyPack/NordicSemiconductor.nRF_DeviceFamilyPack.8.40.3.pack
                NordicSemiconductor.nRF_DeviceFamilyPack.8.40.3
                Nordic Semiconductor nRF ARM devices Device Family Pack with BSD license.
   * Component: Startup Version: 8.40.3

<h2>Collection of Component include folders:</h2>
  ./RTE/_nrf52810_xxaa
  C:/Users/gabri/AppData/Local/Arm/Packs/ARM/CMSIS/5.6.0/CMSIS/Core/Include
  C:/Users/gabri/AppData/Local/Arm/Packs/NordicSemiconductor/nRF_DeviceFamilyPack/8.40.3/Device/Include

<h2>Collection of Component Files used:</h2>

   * Component: ARM::CMSIS:CORE:5.3.0

   * Component: NordicSemiconductor::Device:Startup:8.40.3
      Include file:  Device/Include/system_nrf.h
      Source file:   Device/Source/arm/arm_startup_nrf52810.s
      Source file:   Device/Source/system_nrf52.c
      Include file:  Device/Include/system_nrf52810.h
Build Time Elapsed:  00:00:01
</pre>
</body>
</html>
