Component: ARM Compiler 5.06 update 7 (build 960) Tool: armlink [4d3601]

==============================================================================

Section Cross References

    main.o(i.main) refers to nrf_drv_clock.o(i.nrf_drv_clock_init) for nrf_drv_clock_init
    main.o(i.main) refers to app_error_handler_keil.o(.emb_text) for app_error_handler
    main.o(i.main) refers to nrf_drv_clock.o(i.nrf_drv_clock_lfclk_request) for nrf_drv_clock_lfclk_request
    main.o(i.main) refers to nrf_log_frontend.o(i.nrf_log_init) for nrf_log_init
    main.o(i.main) refers to nrf_log_default_backends.o(i.nrf_log_default_backends_init) for nrf_log_default_backends_init
    main.o(i.main) refers to handles.o(i.leds_init) for leds_init
    main.o(i.main) refers to handles.o(i.timers_init) for timers_init
    main.o(i.main) refers to nrf_pwr_mgmt.o(i.nrf_pwr_mgmt_init) for nrf_pwr_mgmt_init
    main.o(i.main) refers to app_ble.o(i.ble_stack_init) for ble_stack_init
    main.o(i.main) refers to app_ble.o(i.gap_params_init) for gap_params_init
    main.o(i.main) refers to app_ble.o(i.gatt_init) for gatt_init
    main.o(i.main) refers to app_ble.o(i.services_init) for services_init
    main.o(i.main) refers to app_ble.o(i.advertising_init) for advertising_init
    main.o(i.main) refers to app_ble.o(i.conn_params_init) for conn_params_init
    main.o(i.main) refers to battery_level.o(i.calcBatteryLevel) for calcBatteryLevel
    main.o(i.main) refers to app_ble.o(i.advertising_start) for advertising_start
    main.o(i.main) refers to handles.o(i.idle_state_handle) for idle_state_handle
    main.o(sdh_ble_observers1) refers to ble_torch_s.o(i.ble_torch_s_on_ble_evt) for ble_torch_s_on_ble_evt
    main.o(sdh_ble_observers1) refers to main.o(.bss) for m_torch_s
    main.o(sdh_ble_observers1) refers to nrf_ble_gatt.o(i.nrf_ble_gatt_on_ble_evt) for nrf_ble_gatt_on_ble_evt
    main.o(sdh_ble_observers1) refers to main.o(.bss) for m_gatt
    main.o(sdh_ble_observers2) refers to nrf_ble_qwr.o(i.nrf_ble_qwr_on_ble_evt) for nrf_ble_qwr_on_ble_evt
    main.o(sdh_ble_observers2) refers to main.o(.bss) for m_qwr
    battery_level.o(i.calcBatteryLevel) refers to battery_level.o(i.saadc_init) for saadc_init
    battery_level.o(i.calcBatteryLevel) refers to nrfx_saadc.o(i.nrfx_saadc_sample) for nrfx_saadc_sample
    battery_level.o(i.getBatteryLevel) refers to battery_level.o(.data) for .data
    battery_level.o(i.saadc_callback) refers to nrfx_saadc.o(i.nrfx_saadc_buffer_convert) for nrfx_saadc_buffer_convert
    battery_level.o(i.saadc_callback) refers to app_error_handler_keil.o(.emb_text) for app_error_handler
    battery_level.o(i.saadc_callback) refers to nrfx_saadc.o(i.nrfx_saadc_uninit) for nrfx_saadc_uninit
    battery_level.o(i.saadc_callback) refers to battery_level.o(.data) for .data
    battery_level.o(i.saadc_init) refers to nrfx_saadc.o(i.nrfx_saadc_init) for nrfx_saadc_init
    battery_level.o(i.saadc_init) refers to app_error_handler_keil.o(.emb_text) for app_error_handler
    battery_level.o(i.saadc_init) refers to nrfx_saadc.o(i.nrfx_saadc_channel_init) for nrfx_saadc_channel_init
    battery_level.o(i.saadc_init) refers to nrfx_saadc.o(i.nrfx_saadc_buffer_convert) for nrfx_saadc_buffer_convert
    battery_level.o(i.saadc_init) refers to battery_level.o(.constdata) for .constdata
    battery_level.o(i.saadc_init) refers to battery_level.o(i.saadc_callback) for saadc_callback
    battery_level.o(i.saadc_init) refers to battery_level.o(.data) for .data
    app_ble.o(i.advertising_init) refers to memseta.o(.text) for __aeabi_memclr4
    app_ble.o(i.advertising_init) refers to ble_advdata.o(i.ble_advdata_encode) for ble_advdata_encode
    app_ble.o(i.advertising_init) refers to app_error_handler_keil.o(.emb_text) for app_error_handler
    app_ble.o(i.advertising_init) refers to app_ble.o(.bss) for .bss
    app_ble.o(i.advertising_init) refers to app_ble.o(.data) for .data
    app_ble.o(i.advertising_start) refers to nrf_log_frontend.o(i.nrf_log_frontend_std_0) for nrf_log_frontend_std_0
    app_ble.o(i.advertising_start) refers to app_error_handler_keil.o(.emb_text) for app_error_handler
    app_ble.o(i.advertising_start) refers to nrf_log_frontend.o(log_const_data) for m_nrf_log_app_logs_data_const
    app_ble.o(i.advertising_start) refers to app_ble.o(.data) for .data
    app_ble.o(i.ble_evt_handler) refers to nrf_log_frontend.o(i.nrf_log_frontend_std_0) for nrf_log_frontend_std_0
    app_ble.o(i.ble_evt_handler) refers to app_error_handler_keil.o(.emb_text) for app_error_handler
    app_ble.o(i.ble_evt_handler) refers to nrf_ble_qwr.o(i.nrf_ble_qwr_conn_handle_assign) for nrf_ble_qwr_conn_handle_assign
    app_ble.o(i.ble_evt_handler) refers to app_ble.o(i.advertising_start) for advertising_start
    app_ble.o(i.ble_evt_handler) refers to nrf_log_frontend.o(log_const_data) for m_nrf_log_app_logs_data_const
    app_ble.o(i.ble_evt_handler) refers to app_ble.o(.data) for .data
[...]
    m_clock_cb                               0x20001b20   Data           8  nrfx_clock.o(.data)
    .data                                    0x20001b28   Section        8  nrfx_prs.o(.data)
    m_prs_box_2                              0x20001b28   Data           8  nrfx_prs.o(.data)
    .data                                    0x20001b30   Section       32  app_timer2.o(.data)
    m_global_active                          0x20001b30   Data           1  app_timer2.o(.data)
    mp_active_timer                          0x20001b34   Data           4  app_timer2.o(.data)
    m_rtc_inst                               0x20001b38   Data           8  app_timer2.o(.data)
    m_base_counter                           0x20001b40   Data           8  app_timer2.o(.data)
    m_stamp64                                0x20001b48   Data           8  app_timer2.o(.data)
    .data                                    0x20001b50   Section        4  app_timer2.o(.data)
    m_app_timer_sortlist_sortlist_cb         0x20001b50   Data           4  app_timer2.o(.data)
    .data                                    0x20001b54   Section       12  drv_rtc.o(.data)
    m_handlers                               0x20001b54   Data           4  drv_rtc.o(.data)
    m_cb                                     0x20001b58   Data           8  drv_rtc.o(.data)
    .data                                    0x20001b60   Section        8  nrf_pwr_mgmt.o(.data)
    m_pwr_mgmt_evt                           0x20001b60   Data           1  nrf_pwr_mgmt.o(.data)
    m_shutdown_started                       0x20001b61   Data           1  nrf_pwr_mgmt.o(.data)
    m_sysoff_mtx                             0x20001b64   Data           4  nrf_pwr_mgmt.o(.data)
    .data                                    0x20001b68   Section        1  nrf_log_backend_rtt.o(.data)
    m_host_present                           0x20001b68   Data           1  nrf_log_backend_rtt.o(.data)
    .data                                    0x20001b6c   Section        8  nrf_log_default_backends.o(.data)
    log_backend_cb_rtt_log_backend           0x20001b6c   Data           8  nrf_log_default_backends.o(.data)
    .data                                    0x20001b74   Section        4  nrf_log_frontend.o(.data)
    m_buffer_mask                            0x20001b74   Data           4  nrf_log_frontend.o(.data)
    .data                                    0x20001b78   Section        8  nrf_log_frontend.o(.data)
    log_mempool_nrf_balloc_pool_stack        0x20001b78   Data           8  nrf_log_frontend.o(.data)
    .data                                    0x20001b80   Section        8  nrf_log_frontend.o(.data)
    log_mempool_nrf_balloc_cb                0x20001b80   Data           8  nrf_log_frontend.o(.data)
    .data                                    0x20001b88   Section       64  nrf_log_str_formatter.o(.data)
    m_freq                                   0x20001b88   Data           4  nrf_log_str_formatter.o(.data)
    m_timestamp_div                          0x20001b8c   Data           4  nrf_log_str_formatter.o(.data)
    severity_names                           0x20001b90   Data          20  nrf_log_str_formatter.o(.data)
    m_colors                                 0x20001ba4   Data          36  nrf_log_str_formatter.o(.data)
    .data                                    0x20001bc8   Section        3  nrf_sdh.o(.data)
    m_nrf_sdh_enabled                        0x20001bc8   Data           1  nrf_sdh.o(.data)
    m_nrf_sdh_suspended                      0x20001bc9   Data           1  nrf_sdh.o(.data)
    m_nrf_sdh_continue                       0x20001bca   Data           1  nrf_sdh.o(.data)
    .data                                    0x20001bcb   Section        1  nrf_sdh_ble.o(.data)
    m_stack_is_enabled                       0x20001bcb   Data           1  nrf_sdh_ble.o(.data)
    .data                                    0x20001bcc   Section        4  system_nrf52_1.o(.data)
    __tagsym$$used                           0x20001bcc   Number         0  system_nrf52_1.o(.data)
    .bss                                     0x20001bd0   Section       48  main.o(.bss)
    m_torch_s                                0x20001bd0   Data          48  main.o(.bss)
    .bss                                     0x20001c00   Section       16  main.o(.bss)
    m_gatt                                   0x20001c00   Data          16  main.o(.bss)
    .bss                                     0x20001c10   Section       12  main.o(.bss)
    m_qwr                                    0x20001c10   Data          12  main.o(.bss)
    .bss                                     0x20001c1c   Section       76  app_ble.o(.bss)
    m_torch_s                                0x20001c1c   Data          48  app_ble.o(.bss)
    m_gatt                                   0x20001c4c   Data          16  app_ble.o(.bss)
    m_qwr                                    0x20001c5c   Data          12  app_ble.o(.bss)
    .bss                                     0x20001c68   Section       31  app_ble.o(.bss)
    .bss                                     0x20001c87   Section       31  app_ble.o(.bss)
    .bss                                     0x20001ca8   Section       48  handles.o(.bss)
    m_torch_s                                0x20001ca8   Data          48  handles.o(.bss)
    .bss                                     0x20001cd8   Section       16  handles.o(.bss)
    m_gatt                                   0x20001cd8   Data          16  handles.o(.bss)
    .bss                                     0x20001ce8   Section       12  handles.o(.bss)
    m_qwr                                    0x20001ce8   Data          12  handles.o(.bss)
    .bss                                     0x20001cf4   Section       48  ble_torch_s.o(.bss)
    m_torch_s                                0x20001cf4   Data          48  ble_torch_s.o(.bss)
    .bss                                     0x20001d24   Section       16  ble_torch_s.o(.bss)
    m_gatt                                   0x20001d24   Data          16  ble_torch_s.o(.bss)
    .bss                                     0x20001d34   Section       12  ble_torch_s.o(.bss)
    m_qwr                                    0x20001d34   Data          12  ble_torch_s.o(.bss)
    .bss                                     0x20001d40   Section       80  ble_conn_params.o(.bss)
    m_timer_data                             0x20001d40   Data          32  ble_conn_params.o(.bss)
    m_conn_params_instances                  0x20001d60   Data          20  ble_conn_params.o(.bss)
    m_conn_params_config                     0x20001d74   Data          28  ble_conn_params.o(.bss)
    .bss                                     0x20001d90   Section      124  ble_conn_state.o(.bss)
    m_bcs                                    0x20001d90   Data         124  ble_conn_state.o(.bss)
    .bss                                     0x20001e0c   Section       48  nrfx_saadc.o(.bss)
    m_cb                                     0x20001e0c   Data          48  nrfx_saadc.o(.bss)
    .bss                                     0x20001e3c   Section       20  nrf_drv_clock.o(.bss)
    m_clock_cb                               0x20001e3c   Data          20  nrf_drv_clock.o(.bss)
    .bss                                     0x20001e50   Section       92  nrfx_gpiote.o(.bss)
    m_cb                                     0x20001e50   Data          92  nrfx_gpiote.o(.bss)
    .bss                                     0x20001eac   Section       52  nrfx_twim.o(.bss)
    m_cb                                     0x20001eac   Data          52  nrfx_twim.o(.bss)
    .bss                                     0x20001ee0   Section       32  app_error.o(.bss)
    m_error_data                             0x20001ee0   Data          32  app_error.o(.bss)
    .bss                                     0x20001f00   Section       16  app_timer2.o(.bss)
    m_req_fifo_inst                          0x20001f00   Data          16  app_timer2.o(.bss)
    .bss                                     0x20001f10   Section       88  app_timer2.o(.bss)
    m_req_fifo_data                          0x20001f10   Data          88  app_timer2.o(.bss)
    .bss                                     0x20001f68   Section       12  app_util_platform.o(.bss)
    .bss                                     0x20001f74   Section       12  nrf_pwr_mgmt.o(.bss)
    m_handlers_iter                          0x20001f74   Data          12  nrf_pwr_mgmt.o(.bss)
    .bss                                     0x20001f80   Section       64  nrf_log_backend_rtt.o(.bss)
    m_string_buff                            0x20001f80   Data          64  nrf_log_backend_rtt.o(.bss)
    .bss                                     0x20001fc0   Section      192  nrf_log_frontend.o(.bss)
    log_mempool_nrf_balloc_pool_mem          0x20001fc0   Data         192  nrf_log_frontend.o(.bss)
    .bss                                     0x20002080   Section      128  nrf_log_frontend.o(.bss)
    m_log_push_ringbuf_buf                   0x20002080   Data         128  nrf_log_frontend.o(.bss)
    .bss                                     0x20002100   Section       24  nrf_log_frontend.o(.bss)
    m_log_push_ringbuf_cb                    0x20002100   Data          24  nrf_log_frontend.o(.bss)
    .bss                                     0x20002118   Section     1056  nrf_log_frontend.o(.bss)
    m_log_data                               0x20002118   Data        1056  nrf_log_frontend.o(.bss)
    .bss                                     0x20002538   Section      648  segger_rtt.o(.bss)
    _acUpBuffer                              0x200025b0   Data         512  segger_rtt.o(.bss)
    _acDownBuffer                            0x200027b0   Data          16  segger_rtt.o(.bss)
    STACK                                    0x200027c0   Section     2048  arm_startup_nrf52810.o(STACK)

    Global Symbols

    Symbol Name                              Value     Ov Type        Size  Object(Section)

    BuildAttributes$$THM_ISAv4$E$P$D$K$B$S$7EM$PE$A:L22UL41UL21$X:L11$S22US41US21$IEEE1$IW$USESV6$~STKCKD$USESV7$~SHL$OSPACE$EBA8$MICROLIB$REQ8$EABIv2 0x00000000   Number         0  anon$$obj.o ABSOLUTE
    __ARM_use_no_argv                        0x00000000   Number         0  main.o ABSOLUTE
    __use_no_errno                           0x00000000   Number         0  useno.o ABSOLUTE
    __use_no_exception_handling              0x00000000   Number         0  useno.o ABSOLUTE
    __use_no_fp                              0x00000000   Number         0  useno.o ABSOLUTE
    __use_no_heap                            0x00000000   Number         0  useno.o ABSOLUTE
    __use_no_heap_region                     0x00000000   Number         0  useno.o ABSOLUTE
    __use_no_semihosting                     0x00000000   Number         0  useno.o ABSOLUTE
    __use_no_semihosting_swi                 0x00000000   Number         0  useno.o ABSOLUTE
    __use_no_signal_handling                 0x00000000   Number         0  useno.o ABSOLUTE
    __arm_fini_                               - Undefined Weak Reference
    __cpp_initialize__aeabi_                  - Undefined Weak Reference
    __cxa_finalize                            - Undefined Weak Reference
    __decompress                              - Undefined Weak Reference
    _clock_init                               - Undefined Weak Reference
    _microlib_exit                            - Undefined Weak Reference
    log_dynamic_data$$Base                    - Undefined Reference
    pwr_mgmt_data0$$Base                      - Undefined Reference
    pwr_mgmt_data0$$Limit                     - Undefined Reference
    pwr_mgmt_data1$$Base                      - Undefined Reference
    pwr_mgmt_data1$$Limit                     - Undefined Reference
    pwr_mgmt_data2$$Base                      - Undefined Reference
    pwr_mgmt_data2$$Limit                     - Undefined Reference
    sdh_req_observers0$$Base                  - Undefined Reference
    sdh_req_observers0$$Limit                 - Undefined Reference
    sdh_req_observers1$$Base                  - Undefined Reference
    sdh_req_observers1$$Limit                 - Undefined Reference
    sdh_soc_observers1$$Base                  - Undefined Reference
    sdh_soc_observers1$$Limit                 - Undefined Reference
    sdh_stack_observers1$$Base                - Undefined Reference
    sdh_stack_observers1$$Limit               - Undefined Reference
    sdh_state_observers1$$Base                - Undefined Reference
    sdh_state_observers1$$Limit               - Undefined Reference
    __Vectors_Size                           0x00000200   Number         0  arm_startup_nrf52810.o ABSOLUTE
    __Vectors                                0x00019000   Data           4  arm_startup_nrf52810.o(RESET)
    __Vectors_End                            0x00019200   Data           0  arm_startup_nrf52810.o(RESET)
    __main                                   0x00019201   Thumb Code     0  entry.o(.ARM.Collect$$$$00000000)
    _main_stk                                0x00019201   Thumb Code     0  entry2.o(.ARM.Collect$$$$00000001)
    _main_scatterload                        0x00019205   Thumb Code     0  entry5.o(.ARM.Collect$$$$00000004)
    __main_after_scatterload                 0x00019209   Thumb Code     0  entry5.o(.ARM.Collect$$$$00000004)
    _main_clock                              0x00019209   Thumb Code     0  entry7b.o(.ARM.Collect$$$$00000008)
    _main_cpp_init                           0x00019209   Thumb Code     0  entry8b.o(.ARM.Collect$$$$0000000A)
    _main_init                               0x00019209   Thumb Code     0  entry9a.o(.ARM.Collect$$$$0000000B)
    __rt_lib_shutdown_fini                   0x00019211   Thumb Code     0  entry12b.o(.ARM.Collect$$$$0000000E)
    __rt_final_cpp                           0x00019215   Thumb Code     0  entry10a.o(.ARM.Collect$$$$0000000F)
    __rt_final_exit                          0x00019215   Thumb Code     0  entry11a.o(.ARM.Collect$$$$00000011)
    app_error_handler                        0x00019219   Thumb Code    26  app_error_handler_keil.o(.emb_text)
    __asm___12_nrf_atfifo_c_51f461e1__nrf_atfifo_wspace_req 0x00019235   Thumb Code    56  nrf_atfifo.o(.emb_text)
    __asm___12_nrf_atfifo_c_51f461e1__nrf_atfifo_wspace_close 0x0001926d   Thumb Code    18  nrf_atfifo.o(.emb_text)
    __asm___12_nrf_atfifo_c_51f461e1__nrf_atfifo_rspace_req 0x0001927f   Thumb Code    58  nrf_atfifo.o(.emb_text)
    __asm___12_nrf_atfifo_c_51f461e1__nrf_atfifo_rspace_close 0x000192b9   Thumb Code    18  nrf_atfifo.o(.emb_text)
    __asm___12_nrf_atfifo_c_51f461e1__nrf_atfifo_space_clear 0x000192cb   Thumb Code    50  nrf_atfifo.o(.emb_text)
    __asm___12_nrf_atomic_c_85ca2469__nrf_atomic_internal_mov 0x000192fd   Thumb Code    24  nrf_atomic.o(.emb_text)
    __asm___12_nrf_atomic_c_85ca2469__nrf_atomic_internal_orr 0x00019315   Thumb Code    26  nrf_atomic.o(.emb_text)
    __asm___12_nrf_atomic_c_85ca2469__nrf_atomic_internal_and 0x0001932f   Thumb Code    26  nrf_atomic.o(.emb_text)
    __asm___12_nrf_atomic_c_85ca2469__nrf_atomic_internal_eor 0x00019349   Thumb Code    26  nrf_atomic.o(.emb_text)
    __asm___12_nrf_atomic_c_85ca2469__nrf_atomic_internal_add 0x00019363   Thumb Code    26  nrf_atomic.o(.emb_text)
    __asm___12_nrf_atomic_c_85ca2469__nrf_atomic_internal_sub 0x0001937d   Thumb Code    26  nrf_atomic.o(.emb_text)
    __asm___12_nrf_atomic_c_85ca2469__nrf_atomic_internal_cmp_exch 0x00019397   Thumb Code    42  nrf_atomic.o(.emb_text)
    __asm___12_nrf_atomic_c_85ca2469__nrf_atomic_internal_sub_hs 0x000193c1   Thumb Code    30  nrf_atomic.o(.emb_text)
    Reset_Handler                            0x000193e1   Thumb Code    42  arm_startup_nrf52810.o(.text)
    NMI_Handler                              0x0001940b   Thumb Code     2  arm_startup_nrf52810.o(.text)
    HardFault_Handler                        0x0001940d   Thumb Code     2  arm_startup_nrf52810.o(.text)
    MemoryManagement_Handler                 0x0001940f   Thumb Code     2  arm_startup_nrf52810.o(.text)
    BusFault_Handler                         0x00019411   Thumb Code     2  arm_startup_nrf52810.o(.text)
    UsageFault_Handler                       0x00019413   Thumb Code     2  arm_startup_nrf52810.o(.text)
    SVC_Handler                              0x00019415   Thumb Code     2  arm_startup_nrf52810.o(.text)
    DebugMon_Handler                         0x00019417   Thumb Code     2  arm_startup_nrf52810.o(.text)
    PendSV_Handler                           0x00019419   Thumb Code     2  arm_startup_nrf52810.o(.text)
    SysTick_Handler                          0x0001941b   Thumb Code     2  arm_startup_nrf52810.o(.text)
    CCM_AAR_IRQHandler                       0x0001941d   Thumb Code     0  arm_startup_nrf52810.o(.text)
    COMP_IRQHandler                          0x0001941d   Thumb Code     0  arm_startup_nrf52810.o(.text)
    ECB_IRQHandler                           0x0001941d   Thumb Code     0  arm_startup_nrf52810.o(.text)
    PDM_IRQHandler                           0x0001941d   Thumb Code     0  arm_startup_nrf52810.o(.text)
    PWM0_IRQHandler                          0x0001941d   Thumb Code     0  arm_startup_nrf52810.o(.text)
    QDEC_IRQHandler                          0x0001941d   Thumb Code     0  arm_startup_nrf52810.o(.text)
    RADIO_IRQHandler                         0x0001941d   Thumb Code     0  arm_startup_nrf52810.o(.text)
    RNG_IRQHandler                           0x0001941d   Thumb Code     0  arm_startup_nrf52810.o(.text)
    RTC0_IRQHandler                          0x0001941d   Thumb Code     0  arm_startup_nrf52810.o(.text)
    SPIM0_SPIS0_SPI0_IRQHandler              0x0001941d   Thumb Code     0  arm_startup_nrf52810.o(.text)
    SWI0_EGU0_IRQHandler                     0x0001941d   Thumb Code     0  arm_startup_nrf52810.o(.text)
    SWI1_EGU1_IRQHandler                     0x0001941d   Thumb Code     0  arm_startup_nrf52810.o(.text)
    SWI3_IRQHandler                          0x0001941d   Thumb Code     0  arm_startup_nrf52810.o(.text)
    SWI4_IRQHandler                          0x0001941d   Thumb Code     0  arm_startup_nrf52810.o(.text)
    SWI5_IRQHandler                          0x0001941d   Thumb Code     0  arm_startup_nrf52810.o(.text)
    TEMP_IRQHandler                          0x0001941d   Thumb Code     0  arm_startup_nrf52810.o(.text)
    TIMER0_IRQHandler                        0x0001941d   Thumb Code     0  arm_startup_nrf52810.o(.text)
    TIMER1_IRQHandler                        0x0001941d   Thumb Code     0  arm_startup_nrf52810.o(.text)
    TIMER2_IRQHandler                        0x0001941d   Thumb Code     0  arm_startup_nrf52810.o(.text)
    WDT_IRQHandler                           0x0001941d   Thumb Code     0  arm_startup_nrf52810.o(.text)
    __aeabi_uldivmod                         0x00019435   Thumb Code    98  uldiv.o(.text)
    __aeabi_llsl                             0x00019497   Thumb Code    30  llshl.o(.text)
    _ll_shift_l                              0x00019497   Thumb Code     0  llshl.o(.text)
    __rt_ctype_table                         0x000194b5   Thumb Code     4  ctype_o.o(.text)
    __aeabi_memcpy                           0x000194bd   Thumb Code    36  memcpya.o(.text)
    __aeabi_memcpy4                          0x000194bd   Thumb Code     0  memcpya.o(.text)
    __aeabi_memcpy8                          0x000194bd   Thumb Code     0  memcpya.o(.text)
    __aeabi_memset                           0x000194e1   Thumb Code    14  memseta.o(.text)
    __aeabi_memset4                          0x000194e1   Thumb Code     0  memseta.o(.text)
    __aeabi_memset8                          0x000194e1   Thumb Code     0  memseta.o(.text)
    __aeabi_memclr                           0x000194ef   Thumb Code     4  memseta.o(.text)
    __aeabi_memclr4                          0x000194ef   Thumb Code     0  memseta.o(.text)
    __aeabi_memclr8                          0x000194ef   Thumb Code     0  memseta.o(.text)
    _memset$wrapper                          0x000194f3   Thumb Code    18  memseta.o(.text)
    strlen                                   0x00019505   Thumb Code    14  strlen.o(.text)
    strcpy                                   0x00019513   Thumb Code    18  strcpy.o(.text)
    __aeabi_llsr                             0x00019525   Thumb Code    32  llushr.o(.text)
    _ll_ushift_r                             0x00019525   Thumb Code     0  llushr.o(.text)
    __scatterload                            0x00019545   Thumb Code    28  init.o(.text)
    __scatterload_rt2                        0x00019545   Thumb Code     0  init.o(.text)
    GPIOTE_IRQHandler                        0x00019569   Thumb Code   154  nrfx_gpiote.o(i.GPIOTE_IRQHandler)
    POWER_CLOCK_IRQHandler                   0x0001960d   Thumb Code    82  nrfx_clock.o(i.POWER_CLOCK_IRQHandler)
    RTC1_IRQHandler                          0x00019665   Thumb Code    12  drv_rtc.o(i.RTC1_IRQHandler)
    SAADC_IRQHandler                         0x00019675   Thumb Code   320  nrfx_saadc.o(i.SAADC_IRQHandler)
    SEGGER_RTT_Init                          0x000197bd   Thumb Code     4  segger_rtt.o(i.SEGGER_RTT_Init)
    SEGGER_RTT_WriteNoLock                   0x000197c1   Thumb Code    86  segger_rtt.o(i.SEGGER_RTT_WriteNoLock)
    SWI2_IRQHandler                          0x0001981d   Thumb Code     4  nrf_sdh.o(i.SWI2_IRQHandler)
    SystemInit                               0x00019821   Thumb Code   348  system_nrf52_1.o(i.SystemInit)
    TWIM0_TWIS0_TWI0_IRQHandler              0x000199a5   Thumb Code     8  nrfx_twim.o(i.TWIM0_TWIS0_TWI0_IRQHandler)
    UARTE0_UART0_IRQHandler                  0x000199b5   Thumb Code     6  nrfx_prs.o(i.UARTE0_UART0_IRQHandler)
    __scatterload_copy                       0x00019af5   Thumb Code    14  handlers.o(i.__scatterload_copy)
    __scatterload_null                       0x00019b03   Thumb Code     2  handlers.o(i.__scatterload_null)
    __scatterload_zeroinit                   0x00019b05   Thumb Code    14  handlers.o(i.__scatterload_zeroinit)
    advertising_init                         0x00019b39   Thumb Code   160  app_ble.o(i.advertising_init)
    advertising_start                        0x00019bfd   Thumb Code    48  app_ble.o(i.advertising_start)
    app_error_fault_handler                  0x00019c61   Thumb Code   162  app_error_weak.o(i.app_error_fault_handler)
    app_error_save_and_stop                  0x00019dc5   Thumb Code    96  app_error.o(i.app_error_save_and_stop)
    app_timer_cnt_get                        0x00019e29   Thumb Code     6  app_timer2.o(i.app_timer_cnt_get)
    app_timer_create                         0x00019e35   Thumb Code    32  app_timer2.o(i.app_timer_create)
    app_timer_init                           0x00019e55   Thumb Code    70  app_timer2.o(i.app_timer_init)
    app_timer_start                          0x00019eb1   Thumb Code    84  app_timer2.o(i.app_timer_start)
    app_timer_stop                           0x00019f05   Thumb Code    68  app_timer2.o(i.app_timer_stop)
    app_util_critical_region_enter           0x00019f49   Thumb Code    64  app_util_platform.o(i.app_util_critical_region_enter)
    app_util_critical_region_exit            0x00019f91   Thumb Code    46  app_util_platform.o(i.app_util_critical_region_exit)
    ble_advdata_encode                       0x00019fc5   Thumb Code   386  ble_advdata.o(i.ble_advdata_encode)
    ble_conn_params_init                     0x0001a149   Thumb Code    90  ble_conn_params.o(i.ble_conn_params_init)
    ble_evt_handler                          0x0001a211   Thumb Code   224  app_ble.o(i.ble_evt_handler)
    ble_srv_is_notification_enabled          0x0001a5c1   Thumb Code     8  ble_srv_common.o(i.ble_srv_is_notification_enabled)
    ble_stack_init                           0x0001a5c9   Thumb Code    64  app_ble.o(i.ble_stack_init)
    ble_torch_s_init                         0x0001a625   Thumb Code   154  ble_torch_s.o(i.ble_torch_s_init)
    ble_torch_s_on_ble_evt                   0x0001a6c5   Thumb Code    18  ble_torch_s.o(i.ble_torch_s_on_ble_evt)
    buffer_is_empty                          0x0001a79d   Thumb Code    18  nrf_log_frontend.o(i.buffer_is_empty)
    calcBatteryLevel                         0x0001a7b5   Thumb Code    14  battery_level.o(i.calcBatteryLevel)
    characteristic_add                       0x0001a7d5   Thumb Code   400  ble_srv_common.o(i.characteristic_add)
    configAndAddChar                         0x0001a9c1   Thumb Code    90  ble_torch_s.o(i.configAndAddChar)
    conn_handle_list_get                     0x0001aa1b   Thumb Code    62  ble_conn_state.o(i.conn_handle_list_get)
    conn_params_error_handler                0x0001aae1   Thumb Code     8  handles.o(i.conn_params_error_handler)
    conn_params_init                         0x0001ab05   Thumb Code    70  app_ble.o(i.conn_params_init)
    drv_rtc_compare_disable                  0x0001abcd   Thumb Code    20  drv_rtc.o(i.drv_rtc_compare_disable)
    drv_rtc_compare_pending                  0x0001abe1   Thumb Code    14  drv_rtc.o(i.drv_rtc_compare_pending)
    drv_rtc_compare_set                      0x0001abef   Thumb Code    80  drv_rtc.o(i.drv_rtc_compare_set)
    drv_rtc_counter_get                      0x0001ac3f   Thumb Code     8  drv_rtc.o(i.drv_rtc_counter_get)
    drv_rtc_init                             0x0001ac49   Thumb Code   148  drv_rtc.o(i.drv_rtc_init)
    drv_rtc_irq_trigger                      0x0001ad21   Thumb Code    30  drv_rtc.o(i.drv_rtc_irq_trigger)
    drv_rtc_overflow_enable                  0x0001ad3f   Thumb Code     8  drv_rtc.o(i.drv_rtc_overflow_enable)
    drv_rtc_overflow_pending                 0x0001ad47   Thumb Code     8  drv_rtc.o(i.drv_rtc_overflow_pending)
    drv_rtc_start                            0x0001ad4f   Thumb Code     8  drv_rtc.o(i.drv_rtc_start)
    drv_rtc_stop                             0x0001ad57   Thumb Code     8  drv_rtc.o(i.drv_rtc_stop)
    drv_rtc_windowed_compare_set             0x0001ad5f   Thumb Code   222  drv_rtc.o(i.drv_rtc_windowed_compare_set)
    gap_params_init                          0x0001ae6d   Thumb Code    88  app_ble.o(i.gap_params_init)
    gatt_init                                0x0001aef1   Thumb Code    28  app_ble.o(i.gatt_init)
    idle_state_handle                        0x0001af61   Thumb Code    20  handles.o(i.idle_state_handle)
    led_power_handler                        0x0001b0bd   Thumb Code   108  handles.o(i.led_power_handler)
    led_pwm_handler                          0x0001b149   Thumb Code     2  handles.o(i.led_pwm_handler)
    leds_init                                0x0001b14d   Thumb Code    54  handles.o(i.leds_init)
    lock_handler                             0x0001b197   Thumb Code     2  handles.o(i.lock_handler)
    log_pending_hook                         0x0001b199   Thumb Code     2  nrf_log_frontend.o(i.log_pending_hook)
    main                                     0x0001b241   Thumb Code   106  main.o(i.main)
    nrf_atfifo_init                          0x0001b477   Thumb Code    38  nrf_atfifo.o(i.nrf_atfifo_init)
    nrf_atfifo_item_alloc                    0x0001b49d   Thumb Code    22  nrf_atfifo.o(i.nrf_atfifo_item_alloc)
    nrf_atfifo_item_free                     0x0001b4b3   Thumb Code    22  nrf_atfifo.o(i.nrf_atfifo_item_free)
    nrf_atfifo_item_get                      0x0001b4c9   Thumb Code    22  nrf_atfifo.o(i.nrf_atfifo_item_get)
    nrf_atfifo_item_put                      0x0001b4df   Thumb Code    22  nrf_atfifo.o(i.nrf_atfifo_item_put)
    nrf_atflags_clear                        0x0001b4f5   Thumb Code    22  nrf_atflags.o(i.nrf_atflags_clear)
    nrf_atflags_get                          0x0001b50b   Thumb Code    22  nrf_atflags.o(i.nrf_atflags_get)
    nrf_atflags_set                          0x0001b521   Thumb Code    20  nrf_atflags.o(i.nrf_atflags_set)
    nrf_atomic_flag_clear_fetch              0x0001b535   Thumb Code     6  nrf_atomic.o(i.nrf_atomic_flag_clear_fetch)
    nrf_atomic_flag_set                      0x0001b53b   Thumb Code     6  nrf_atomic.o(i.nrf_atomic_flag_set)
    nrf_atomic_u32_add                       0x0001b541   Thumb Code    12  nrf_atomic.o(i.nrf_atomic_u32_add)
    nrf_atomic_u32_and                       0x0001b54d   Thumb Code    12  nrf_atomic.o(i.nrf_atomic_u32_and)
    nrf_atomic_u32_fetch_and                 0x0001b559   Thumb Code    10  nrf_atomic.o(i.nrf_atomic_u32_fetch_and)
    nrf_atomic_u32_fetch_store               0x0001b563   Thumb Code    10  nrf_atomic.o(i.nrf_atomic_u32_fetch_store)
    nrf_atomic_u32_or                        0x0001b56d   Thumb Code    12  nrf_atomic.o(i.nrf_atomic_u32_or)
    nrf_atomic_u32_sub                       0x0001b579   Thumb Code    12  nrf_atomic.o(i.nrf_atomic_u32_sub)
    nrf_balloc_alloc                         0x0001b585   Thumb Code    68  nrf_balloc.o(i.nrf_balloc_alloc)
    nrf_balloc_free                          0x0001b5c9   Thumb Code    48  nrf_balloc.o(i.nrf_balloc_free)
    nrf_balloc_init                          0x0001b5f9   Thumb Code    48  nrf_balloc.o(i.nrf_balloc_init)
    nrf_ble_gatt_init                        0x0001b639   Thumb Code    34  nrf_ble_gatt.o(i.nrf_ble_gatt_init)
    nrf_ble_gatt_on_ble_evt                  0x0001b65d   Thumb Code   180  nrf_ble_gatt.o(i.nrf_ble_gatt_on_ble_evt)
    nrf_ble_qwr_conn_handle_assign           0x0001b751   Thumb Code    22  nrf_ble_qwr.o(i.nrf_ble_qwr_conn_handle_assign)
    nrf_ble_qwr_init                         0x0001b767   Thumb Code    36  nrf_ble_qwr.o(i.nrf_ble_qwr_init)
    nrf_ble_qwr_on_ble_evt                   0x0001b78b   Thumb Code   182  nrf_ble_qwr.o(i.nrf_ble_qwr_on_ble_evt)
    nrf_drv_clock_init                       0x0001b861   Thumb Code    56  nrf_drv_clock.o(i.nrf_drv_clock_init)
    nrf_drv_clock_lfclk_release              0x0001b8a1   Thumb Code    48  nrf_drv_clock.o(i.nrf_drv_clock_lfclk_release)
    nrf_drv_clock_lfclk_request              0x0001b8d5   Thumb Code    78  nrf_drv_clock.o(i.nrf_drv_clock_lfclk_request)
    nrf_fprintf                              0x0001b929   Thumb Code    26  nrf_fprintf.o(i.nrf_fprintf)
    nrf_fprintf_buffer_flush                 0x0001b943   Thumb Code    24  nrf_fprintf.o(i.nrf_fprintf_buffer_flush)
    nrf_fprintf_fmt                          0x0001b95b   Thumb Code   474  nrf_fprintf_format.o(i.nrf_fprintf_fmt)
    nrf_log_backend_add                      0x0001bbcd   Thumb Code    86  nrf_log_frontend.o(i.nrf_log_backend_add)
    nrf_log_backend_rtt_init                 0x0001bc2b   Thumb Code     4  nrf_log_backend_rtt.o(i.nrf_log_backend_rtt_init)
    nrf_log_backend_serial_put               0x0001bc49   Thumb Code   194  nrf_log_backend_serial.o(i.nrf_log_backend_serial_put)
    nrf_log_color_id_get                     0x0001bd0d   Thumb Code    42  nrf_log_frontend.o(i.nrf_log_color_id_get)
    nrf_log_default_backends_init            0x0001bd3d   Thumb Code    24  nrf_log_default_backends.o(i.nrf_log_default_backends_init)
    nrf_log_frontend_dequeue                 0x0001bd59   Thumb Code   524  nrf_log_frontend.o(i.nrf_log_frontend_dequeue)
    nrf_log_frontend_std_0                   0x0001bf8d   Thumb Code     8  nrf_log_frontend.o(i.nrf_log_frontend_std_0)
    nrf_log_frontend_std_1                   0x0001bf95   Thumb Code    14  nrf_log_frontend.o(i.nrf_log_frontend_std_1)
    nrf_log_frontend_std_2                   0x0001bfa3   Thumb Code    16  nrf_log_frontend.o(i.nrf_log_frontend_std_2)
    nrf_log_frontend_std_5                   0x0001bfb3   Thumb Code    28  nrf_log_frontend.o(i.nrf_log_frontend_std_5)
    nrf_log_hexdump_entry_process            0x0001bfd1   Thumb Code   150  nrf_log_str_formatter.o(i.nrf_log_hexdump_entry_process)
    nrf_log_init                             0x0001c081   Thumb Code    28  nrf_log_frontend.o(i.nrf_log_init)
    nrf_log_module_cnt_get                   0x0001c0a9   Thumb Code    10  nrf_log_frontend.o(i.nrf_log_module_cnt_get)
    nrf_log_module_name_get                  0x0001c0bd   Thumb Code    24  nrf_log_frontend.o(i.nrf_log_module_name_get)
    nrf_log_panic                            0x0001c0d9   Thumb Code    36  nrf_log_frontend.o(i.nrf_log_panic)
    nrf_log_std_entry_process                0x0001c101   Thumb Code   182  nrf_log_str_formatter.o(i.nrf_log_std_entry_process)
    nrf_memobj_alloc                         0x0001c1b7   Thumb Code    96  nrf_memobj.o(i.nrf_memobj_alloc)
    nrf_memobj_free                          0x0001c217   Thumb Code    50  nrf_memobj.o(i.nrf_memobj_free)
    nrf_memobj_get                           0x0001c249   Thumb Code     8  nrf_memobj.o(i.nrf_memobj_get)
    nrf_memobj_pool_init                     0x0001c251   Thumb Code     4  nrf_memobj.o(i.nrf_memobj_pool_init)
    nrf_memobj_put                           0x0001c255   Thumb Code    30  nrf_memobj.o(i.nrf_memobj_put)
    nrf_memobj_read                          0x0001c273   Thumb Code    16  nrf_memobj.o(i.nrf_memobj_read)
    nrf_memobj_write                         0x0001c283   Thumb Code    16  nrf_memobj.o(i.nrf_memobj_write)
    nrf_pwr_mgmt_init                        0x0001c295   Thumb Code    28  nrf_pwr_mgmt.o(i.nrf_pwr_mgmt_init)
    nrf_pwr_mgmt_run                         0x0001c2bd   Thumb Code    20  nrf_pwr_mgmt.o(i.nrf_pwr_mgmt_run)
    nrf_qwr_error_handler                    0x0001c2d1   Thumb Code     8  app_ble.o(i.nrf_qwr_error_handler)
    nrf_ringbuf_init                         0x0001c2f5   Thumb Code    28  nrf_ringbuf.o(i.nrf_ringbuf_init)
    nrf_sdh_ble_app_ram_start_get            0x0001c375   Thumb Code    16  nrf_sdh_ble.o(i.nrf_sdh_ble_app_ram_start_get)
    nrf_sdh_ble_default_cfg_set              0x0001c389   Thumb Code   126  nrf_sdh_ble.o(i.nrf_sdh_ble_default_cfg_set)
    nrf_sdh_ble_enable                       0x0001c409   Thumb Code    14  nrf_sdh_ble.o(i.nrf_sdh_ble_enable)
    nrf_sdh_enable_request                   0x0001c4bd   Thumb Code   102  nrf_sdh.o(i.nrf_sdh_enable_request)
    nrf_sdh_evts_poll                        0x0001c531   Thumb Code    32  nrf_sdh.o(i.nrf_sdh_evts_poll)
    nrf_sdh_is_enabled                       0x0001c555   Thumb Code     6  nrf_sdh.o(i.nrf_sdh_is_enabled)
    nrf_section_iter_init                    0x0001c5e1   Thumb Code    10  nrf_section_iter.o(i.nrf_section_iter_init)
    nrf_section_iter_next                    0x0001c60f   Thumb Code    32  nrf_section_iter.o(i.nrf_section_iter_next)
    nrf_sortlist_add                         0x0001c62f   Thumb Code    34  nrf_sortlist.o(i.nrf_sortlist_add)
    nrf_sortlist_peek                        0x0001c651   Thumb Code     6  nrf_sortlist.o(i.nrf_sortlist_peek)
    nrf_sortlist_pop                         0x0001c657   Thumb Code    14  nrf_sortlist.o(i.nrf_sortlist_pop)
    nrf_sortlist_remove                      0x0001c665   Thumb Code    30  nrf_sortlist.o(i.nrf_sortlist_remove)
    nrf_strerror_find                        0x0001c685   Thumb Code    52  nrf_strerror.o(i.nrf_strerror_find)
    nrf_strerror_get                         0x0001c6bd   Thumb Code    14  nrf_strerror.o(i.nrf_strerror_get)
    nrfx_clock_enable                        0x0001c6f9   Thumb Code    34  nrfx_clock.o(i.nrfx_clock_enable)
    nrfx_clock_init                          0x0001c725   Thumb Code    26  nrfx_clock.o(i.nrfx_clock_init)
    nrfx_clock_lfclk_start                   0x0001c745   Thumb Code    26  nrfx_clock.o(i.nrfx_clock_lfclk_start)
    nrfx_clock_lfclk_stop                    0x0001c765   Thumb Code    38  nrfx_clock.o(i.nrfx_clock_lfclk_stop)
    nrfx_saadc_buffer_convert                0x0001c7b5   Thumb Code   154  nrfx_saadc.o(i.nrfx_saadc_buffer_convert)
    nrfx_saadc_channel_init                  0x0001c859   Thumb Code   160  nrfx_saadc.o(i.nrfx_saadc_channel_init)
    nrfx_saadc_channel_uninit                0x0001c905   Thumb Code    62  nrfx_saadc.o(i.nrfx_saadc_channel_uninit)
    nrfx_saadc_init                          0x0001c949   Thumb Code   130  nrfx_saadc.o(i.nrfx_saadc_init)
    nrfx_saadc_limits_set                    0x0001c9dd   Thumb Code   120  nrfx_saadc.o(i.nrfx_saadc_limits_set)
    nrfx_saadc_sample                        0x0001ca5d   Thumb Code    34  nrfx_saadc.o(i.nrfx_saadc_sample)
    nrfx_saadc_uninit                        0x0001ca89   Thumb Code   102  nrfx_saadc.o(i.nrfx_saadc_uninit)
    nvmc_config                              0x0001cafd   Thumb Code    14  system_nrf52_1.o(i.nvmc_config)
    on_conn_params_evt                       0x0001cb15   Thumb Code    28  app_ble.o(i.on_conn_params_evt)
    on_write                                 0x0001cc8d   Thumb Code   140  ble_torch_s.o(i.on_write)
    saadc_callback                           0x0001d05d   Thumb Code    44  battery_level.o(i.saadc_callback)
    saadc_init                               0x0001d0b9   Thumb Code    70  battery_level.o(i.saadc_init)
    services_init                            0x0001d2d5   Thumb Code    68  app_ble.o(i.services_init)
    setLed                                   0x0001d349   Thumb Code    44  handles.o(i.setLed)
    setLedOff                                0x0001d375   Thumb Code     6  handles.o(i.setLedOff)
    timers_init                              0x0001d651   Thumb Code    44  handles.o(i.timers_init)
    nrf_log_backend_rtt_api                  0x0001dc98   Data          12  nrf_log_backend_rtt.o(.constdata)
    m_ram_start                              0x0001dd3c   Data           4  nrf_sdh_ble.o(.constdata)
    __ctype_table                            0x0001dd68   Data         129  ctype_o.o(.constdata)
    Region$$Table$$Base                      0x0001e2f8   Number         0  anon$$obj.o(Region$$Table)
    Region$$Table$$Limit                     0x0001e318   Number         0  anon$$obj.o(Region$$Table)
    log_const_data$$Base                     0x0001e328   Number         0  nrf_ble_gatt.o(log_const_data)
    m_nrf_log_nrf_ble_gatt_logs_data_const   0x0001e328   Data           8  nrf_ble_gatt.o(log_const_data)
    m_nrf_log_SAADC_logs_data_const          0x0001e330   Data           8  nrfx_saadc.o(log_const_data)
    m_nrf_log_clock_logs_data_const          0x0001e338   Data           8  nrf_drv_clock.o(log_const_data)
    m_nrf_log_CLOCK_logs_data_const          0x0001e340   Data           8  nrfx_clock.o(log_const_data)
    m_nrf_log_GPIOTE_logs_data_const         0x0001e348   Data           8  nrfx_gpiote.o(log_const_data)
    m_nrf_log_PRS_logs_data_const            0x0001e350   Data           8  nrfx_prs.o(log_const_data)
    m_nrf_log_UART_logs_data_const           0x0001e358   Data           8  nrfx_uart.o(log_const_data)
    m_nrf_log_UARTE_logs_data_const          0x0001e360   Data           8  nrfx_uarte.o(log_const_data)
    m_nrf_log_TWIM_logs_data_const           0x0001e368   Data           8  nrfx_twim.o(log_const_data)
    m_nrf_log_PPI_logs_data_const            0x0001e370   Data           8  nrfx_ppi.o(log_const_data)
    m_nrf_log_app_button_logs_data_const     0x0001e378   Data           8  app_button.o(log_const_data)
    m_nrf_log_app_timer_logs_data_const      0x0001e380   Data           8  app_timer2.o(log_const_data)
    m_nrf_log_pwr_mgmt_logs_data_const       0x0001e388   Data           8  nrf_pwr_mgmt.o(log_const_data)
    m_nrf_log_sortlist_logs_data_const       0x0001e390   Data           8  nrf_sortlist.o(log_const_data)
    m_nrf_log_app_logs_data_const            0x0001e398   Data           8  nrf_log_frontend.o(log_const_data)
    m_nrf_log_nrf_sdh_logs_data_const        0x0001e3a0   Data           8  nrf_sdh.o(log_const_data)
    m_nrf_log_nrf_sdh_ble_logs_data_const    0x0001e3a8   Data           8  nrf_sdh_ble.o(log_const_data)
    m_nrf_log_nrf_sdh_soc_logs_data_const    0x0001e3b0   Data           8  nrf_sdh_soc.o(log_const_data)
    log_const_data$$Limit                    0x0001e3b8   Number         0  nrf_sdh_soc.o(log_const_data)
    log_mempool                              0x0001e3b8   Data          20  nrf_log_frontend.o(nrf_balloc)
    sdh_ble_observers0$$Base                 0x0001e3cc   Number         0  ble_conn_state.o(sdh_ble_observers0)
    sdh_ble_observers0$$Limit                0x0001e3d4   Number         0  ble_conn_state.o(sdh_ble_observers0)
    sdh_ble_observers1$$Base                 0x0001e3d4   Number         0  main.o(sdh_ble_observers1)
    sdh_ble_observers1$$Limit                0x0001e41c   Number         0  ble_conn_params.o(sdh_ble_observers1)
    sdh_ble_observers2$$Base                 0x0001e41c   Number         0  main.o(sdh_ble_observers2)
    sdh_ble_observers2$$Limit                0x0001e43c   Number         0  ble_torch_s.o(sdh_ble_observers2)
    sdh_ble_observers3$$Base                 0x0001e43c   Number         0  app_ble.o(sdh_ble_observers3)
    sdh_ble_observers3$$Limit                0x0001e444   Number         0  app_ble.o(sdh_ble_observers3)
    sdh_soc_observers0$$Base                 0x0001e444   Number         0  nrf_drv_clock.o(sdh_soc_observers0)
    sdh_soc_observers0$$Limit                0x0001e44c   Number         0  nrf_drv_clock.o(sdh_soc_observers0)
    sdh_stack_observers0$$Base               0x0001e44c   Number         0  nrf_sdh_ble.o(sdh_stack_observers0)
    sdh_stack_observers0$$Limit              0x0001e45c   Number         0  nrf_sdh_soc.o(sdh_stack_observers0)
    sdh_state_observers0$$Base               0x0001e45c   Number         0  nrf_drv_clock.o(sdh_state_observers0)
    sdh_state_observers0$$Limit              0x0001e464   Number         0  nrf_drv_clock.o(sdh_state_observers0)
    Image$$RW_IRAM1$$Base                    0x20001ae0   Number         0  anon$$obj.o ABSOLUTE
    batteryLevel                             0x20001ae0   Data           1  battery_level.o(.data)
    m_adv_handle                             0x20001ae4   Data           1  app_ble.o(.data)
    m_conn_handle                            0x20001ae6   Data           2  app_ble.o(.data)
    SystemCoreClock                          0x20001bcc   Data           4  system_nrf52_1.o(.data)
    m_enc_advdata                            0x20001c68   Data          31  app_ble.o(.bss)
    m_enc_scan_response_data                 0x20001c87   Data          31  app_ble.o(.bss)
    nrf_nvic_state                           0x20001f68   Data          12  app_util_platform.o(.bss)
    _SEGGER_RTT                              0x20002538   Data         120  segger_rtt.o(.bss)
    __initial_sp                             0x20002fc0   Data           0  arm_startup_nrf52810.o(STACK)



==============================================================================

Memory Map of the image

  Image Entry point : 0x00019201

  Load Region LR_IROM1 (Base: 0x00019000, Size: 0x00005554, Max: 0x00017000, ABSOLUTE)

    Execution Region ER_IROM1 (Exec base: 0x00019000, Load base: 0x00019000, Size: 0x00005464, Max: 0x00017000, ABSOLUTE)

    Exec Addr    Load Addr    Size         Type   Attr      Idx    E Section Name        Object

    0x00019000   0x00019000   0x00000200   Data   RO         5646    RESET               arm_startup_nrf52810.o
    0x00019200   0x00019200   0x00000000   Code   RO         5718  * .ARM.Collect$$$$00000000  mc_w.l(entry.o)
    0x00019200   0x00019200   0x00000004   Code   RO         5772    .ARM.Collect$$$$00000001  mc_w.l(entry2.o)
    0x00019204   0x00019204   0x00000004   Code   RO         5775    .ARM.Collect$$$$00000004  mc_w.l(entry5.o)
    0x00019208   0x00019208   0x00000000   Code   RO         5777    .ARM.Collect$$$$00000008  mc_w.l(entry7b.o)
    0x00019208   0x00019208   0x00000000   Code   RO         5779    .ARM.Collect$$$$0000000A  mc_w.l(entry8b.o)
    0x00019208   0x00019208   0x00000008   Code   RO         5780    .ARM.Collect$$$$0000000B  mc_w.l(entry9a.o)
    0x00019210   0x00019210   0x00000004   Code   RO         5787    .ARM.Collect$$$$0000000E  mc_w.l(entry12b.o)
    0x00019214   0x00019214   0x00000000   Code   RO         5782    .ARM.Collect$$$$0000000F  mc_w.l(entry10a.o)
    0x00019214   0x00019214   0x00000000   Code   RO         5784    .ARM.Collect$$$$00000011  mc_w.l(entry11a.o)
    0x00019214   0x00019214   0x00000004   Code   RO         5773    .ARM.Collect$$$$00002712  mc_w.l(entry2.o)
    0x00019218   0x00019218   0x0000001a   Code   RO         3429    .emb_text           app_error_handler_keil.o
    0x00019232   0x00019232   0x00000002   PAD
    0x00019234   0x00019234   0x000000c8   Code   RO         3961    .emb_text           nrf_atfifo.o
    0x000192fc   0x000192fc   0x000000e2   Code   RO         4097    .emb_text           nrf_atomic.o
    0x000193de   0x000193de   0x00000002   PAD
    0x000193e0   0x000193e0   0x00000054   Code   RO         5647    .text               arm_startup_nrf52810.o
    0x00019434   0x00019434   0x00000062   Code   RO         5726    .text               mc_w.l(uldiv.o)
    0x00019496   0x00019496   0x0000001e   Code   RO         5728    .text               mc_w.l(llshl.o)
    0x000194b4   0x000194b4   0x00000008   Code   RO         5730    .text               mc_w.l(ctype_o.o)
    0x000194bc   0x000194bc   0x00000024   Code   RO         5758    .text               mc_w.l(memcpya.o)
    0x000194e0   0x000194e0   0x00000024   Code   RO         5760    .text               mc_w.l(memseta.o)
    0x00019504   0x00019504   0x0000000e   Code   RO         5762    .text               mc_w.l(strlen.o)
    0x00019512   0x00019512   0x00000012   Code   RO         5768    .text               mc_w.l(strcpy.o)
    0x00019524   0x00019524   0x00000020   Code   RO         5789    .text               mc_w.l(llushr.o)
    0x00019544   0x00019544   0x00000024   Code   RO         5792    .text               mc_w.l(init.o)
    0x00019568   0x00019568   0x000000a4   Code   RO         2152    i.GPIOTE_IRQHandler  nrfx_gpiote.o
    0x0001960c   0x0001960c   0x00000058   Code   RO         2020    i.POWER_CLOCK_IRQHandler  nrfx_clock.o
    0x00019664   0x00019664   0x00000010   Code   RO         3750    i.RTC1_IRQHandler   drv_rtc.o
    0x00019674   0x00019674   0x00000148   Code   RO         1501    i.SAADC_IRQHandler  nrfx_saadc.o
    0x000197bc   0x000197bc   0x00000004   Code   RO         5090    i.SEGGER_RTT_Init   segger_rtt.o
    0x000197c0   0x000197c0   0x0000005c   Code   RO         5104    i.SEGGER_RTT_WriteNoLock  segger_rtt.o
    0x0001981c   0x0001981c   0x00000004   Code   RO         5438    i.SWI2_IRQHandler   nrf_sdh.o
    0x00019820   0x00019820   0x00000184   Code   RO         5655    i.SystemInit        system_nrf52_1.o
    0x000199a4   0x000199a4   0x00000010   Code   RO         2874    i.TWIM0_TWIS0_TWI0_IRQHandler  nrfx_twim.o
    0x000199b4   0x000199b4   0x0000000c   Code   RO         2457    i.UARTE0_UART0_IRQHandler  nrfx_prs.o
    0x000199c0   0x000199c0   0x00000068   Code   RO         5108    i._DoInit           segger_rtt.o
    0x00019a28   0x00019a28   0x00000016   Code   RO         5109    i._GetAvailWriteSpace  segger_rtt.o
    0x00019a3e   0x00019a3e   0x0000001a   Code   RO         2875    i._NRFX_IRQ_PENDING_CLEAR  nrfx_twim.o
    0x00019a58   0x00019a58   0x0000005a   Code   RO         5111    i._WriteBlocking    segger_rtt.o
    0x00019ab2   0x00019ab2   0x00000042   Code   RO         5112    i._WriteNoCheck     segger_rtt.o
    0x00019af4   0x00019af4   0x0000000e   Code   RO         5796    i.__scatterload_copy  mc_w.l(handlers.o)
    0x00019b02   0x00019b02   0x00000002   Code   RO         5797    i.__scatterload_null  mc_w.l(handlers.o)
    0x00019b04   0x00019b04   0x0000000e   Code   RO         5798    i.__scatterload_zeroinit  mc_w.l(handlers.o)
    0x00019b12   0x00019b12   0x00000002   PAD
    0x00019b14   0x00019b14   0x00000024   Code   RO         5439    i.__sd_nvic_app_accessible_irq  nrf_sdh.o
    0x00019b38   0x00019b38   0x000000c4   Code   RO          449    i.advertising_init  app_ble.o
    0x00019bfc   0x00019bfc   0x00000064   Code   RO          450    i.advertising_start  app_ble.o
    0x00019c60   0x00019c60   0x00000164   Code   RO         3451    i.app_error_fault_handler  app_error_weak.o
    0x00019dc4   0x00019dc4   0x00000064   Code   RO         3396    i.app_error_save_and_stop  app_error.o
    0x00019e28   0x00019e28   0x0000000c   Code   RO         3544    i.app_timer_cnt_get  app_timer2.o
    0x00019e34   0x00019e34   0x00000020   Code   RO         3545    i.app_timer_create  app_timer2.o
    0x00019e54   0x00019e54   0x0000005c   Code   RO         3546    i.app_timer_init    app_timer2.o
    0x00019eb0   0x00019eb0   0x00000054   Code   RO         3549    i.app_timer_start   app_timer2.o
    0x00019f04   0x00019f04   0x00000044   Code   RO         3550    i.app_timer_stop    app_timer2.o
    0x00019f48   0x00019f48   0x00000048   Code   RO         3682    i.app_util_critical_region_enter  app_util_platform.o
    0x00019f90   0x00019f90   0x00000034   Code   RO         3683    i.app_util_critical_region_exit  app_util_platform.o
    0x00019fc4   0x00019fc4   0x00000182   Code   RO          903    i.ble_advdata_encode  ble_advdata.o
    0x0001a146   0x0001a146   0x00000002   PAD
    0x0001a148   0x0001a148   0x00000068   Code   RO         1034    i.ble_conn_params_init  ble_conn_params.o
    0x0001a1b0   0x0001a1b0   0x00000060   Code   RO          909    i.ble_device_addr_encode  ble_advdata.o
    0x0001a210   0x0001a210   0x0000016c   Code   RO          451    i.ble_evt_handler   app_ble.o
    0x0001a37c   0x0001a37c   0x000000fc   Code   RO         1036    i.ble_evt_handler   ble_conn_params.o
    0x0001a478   0x0001a478   0x00000148   Code   RO         1152    i.ble_evt_handler   ble_conn_state.o
    0x0001a5c0   0x0001a5c0   0x00000008   Code   RO         1307    i.ble_srv_is_notification_enabled  ble_srv_common.o
    0x0001a5c8   0x0001a5c8   0x0000005c   Code   RO          452    i.ble_stack_init    app_ble.o
    0x0001a624   0x0001a624   0x000000a0   Code   RO          787    i.ble_torch_s_init  ble_torch_s.o
    0x0001a6c4   0x0001a6c4   0x00000012   Code   RO          788    i.ble_torch_s_on_ble_evt  ble_torch_s.o
    0x0001a6d6   0x0001a6d6   0x00000002   PAD
    0x0001a6d8   0x0001a6d8   0x00000094   Code   RO         4838    i.buf_prealloc      nrf_log_frontend.o
    0x0001a76c   0x0001a76c   0x0000002e   Code   RO         4309    i.buffer_add        nrf_fprintf_format.o
    0x0001a79a   0x0001a79a   0x00000002   PAD
    0x0001a79c   0x0001a79c   0x00000018   Code   RO         4839    i.buffer_is_empty   nrf_log_frontend.o
    0x0001a7b4   0x0001a7b4   0x0000000e   Code   RO          346    i.calcBatteryLevel  battery_level.o
    0x0001a7c2   0x0001a7c2   0x00000002   PAD
    0x0001a7c4   0x0001a7c4   0x00000010   Code   RO         2155    i.channel_port_get  nrfx_gpiote.o
    0x0001a7d4   0x0001a7d4   0x00000190   Code   RO         1309    i.characteristic_add  ble_srv_common.o
    0x0001a964   0x0001a964   0x00000028   Code   RO         1666    i.clock_clk_started_notify  nrf_drv_clock.o
    0x0001a98c   0x0001a98c   0x0000001c   Code   RO         1667    i.clock_irq_handler  nrf_drv_clock.o
    0x0001a9a8   0x0001a9a8   0x00000018   Code   RO         3552    i.compare_func      app_timer2.o
    0x0001a9c0   0x0001a9c0   0x0000005a   Code   RO          789    i.configAndAddChar  ble_torch_s.o
    0x0001aa1a   0x0001aa1a   0x0000003e   Code   RO         1153    i.conn_handle_list_get  ble_conn_state.o
    0x0001aa58   0x0001aa58   0x00000088   Code   RO          910    i.conn_int_encode   ble_advdata.o
    0x0001aae0   0x0001aae0   0x00000024   Code   RO          610    i.conn_params_error_handler  handles.o
    0x0001ab04   0x0001ab04   0x0000006c   Code   RO          453    i.conn_params_init  app_ble.o
    0x0001ab70   0x0001ab70   0x00000048   Code   RO         1037    i.conn_params_negotiation  ble_conn_params.o
    0x0001abb8   0x0001abb8   0x00000014   Code   RO         4840    i.dropped_sat16_get  nrf_log_frontend.o
    0x0001abcc   0x0001abcc   0x00000014   Code   RO         3751    i.drv_rtc_compare_disable  drv_rtc.o
    0x0001abe0   0x0001abe0   0x0000000e   Code   RO         3754    i.drv_rtc_compare_pending  drv_rtc.o
    0x0001abee   0x0001abee   0x00000050   Code   RO         3755    i.drv_rtc_compare_set  drv_rtc.o
    0x0001ac3e   0x0001ac3e   0x00000008   Code   RO         3756    i.drv_rtc_counter_get  drv_rtc.o
    0x0001ac46   0x0001ac46   0x00000002   PAD
    0x0001ac48   0x0001ac48   0x000000d8   Code   RO         3757    i.drv_rtc_init      drv_rtc.o
    0x0001ad20   0x0001ad20   0x0000001e   Code   RO         3758    i.drv_rtc_irq_trigger  drv_rtc.o
    0x0001ad3e   0x0001ad3e   0x00000008   Code   RO         3760    i.drv_rtc_overflow_enable  drv_rtc.o
    0x0001ad46   0x0001ad46   0x00000008   Code   RO         3761    i.drv_rtc_overflow_pending  drv_rtc.o
    0x0001ad4e   0x0001ad4e   0x00000008   Code   RO         3762    i.drv_rtc_start     drv_rtc.o
    0x0001ad56   0x0001ad56   0x00000008   Code   RO         3763    i.drv_rtc_stop      drv_rtc.o
    0x0001ad5e   0x0001ad5e   0x000000de   Code   RO         3768    i.drv_rtc_windowed_compare_set  drv_rtc.o
    0x0001ae3c   0x0001ae3c   0x00000012   Code   RO         3769    i.evt_enable        drv_rtc.o
    0x0001ae4e   0x0001ae4e   0x00000014   Code   RO         3770    i.evt_pending       drv_rtc.o
    0x0001ae62   0x0001ae62   0x0000000a   Code   RO         1154    i.flag_toggle       ble_conn_state.o
    0x0001ae6c   0x0001ae6c   0x00000084   Code   RO          454    i.gap_params_init   app_ble.o
    0x0001aef0   0x0001aef0   0x0000003c   Code   RO          455    i.gatt_init         app_ble.o
    0x0001af2c   0x0001af2c   0x00000034   Code   RO         3553    i.get_now           app_timer2.o
    0x0001af60   0x0001af60   0x00000014   Code   RO          612    i.idle_state_handle  handles.o
    0x0001af74   0x0001af74   0x00000014   Code   RO         1038    i.instance_get      ble_conn_params.o
    0x0001af88   0x0001af88   0x000000a6   Code   RO         4310    i.int_print         nrf_fprintf_format.o
    0x0001b02e   0x0001b02e   0x00000034   Code   RO         4841    i.invalid_packets_omit  nrf_log_frontend.o
    0x0001b062   0x0001b062   0x00000044   Code   RO         1039    i.is_conn_params_ok  ble_conn_params.o
    0x0001b0a6   0x0001b0a6   0x00000016   Code   RO         1668    i.item_enqueue      nrf_drv_clock.o
    0x0001b0bc   0x0001b0bc   0x0000008c   Code   RO          613    i.led_power_handler  handles.o
    0x0001b148   0x0001b148   0x00000002   Code   RO          614    i.led_pwm_handler   handles.o
    0x0001b14a   0x0001b14a   0x00000002   PAD
    0x0001b14c   0x0001b14c   0x0000003c   Code   RO          615    i.leds_init         handles.o
    0x0001b188   0x0001b188   0x0000000e   Code   RO         1364    i.link_init         nrf_ble_gatt.o
    0x0001b196   0x0001b196   0x00000002   Code   RO          616    i.lock_handler      handles.o
    0x0001b198   0x0001b198   0x00000002   Code   RO         4842    i.log_pending_hook  nrf_log_frontend.o
    0x0001b19a   0x0001b19a   0x00000002   PAD
    0x0001b19c   0x0001b19c   0x000000a4   Code   RO         4843    i.log_skip          nrf_log_frontend.o
    0x0001b240   0x0001b240   0x0000007c   Code   RO            4    i.main              main.o
    0x0001b2bc   0x0001b2bc   0x00000064   Code   RO          911    i.manuf_specific_data_encode  ble_advdata.o
    0x0001b320   0x0001b320   0x0000007e   Code   RO         4349    i.memobj_op         nrf_memobj.o
    0x0001b39e   0x0001b39e   0x00000002   PAD
    0x0001b3a0   0x0001b3a0   0x00000030   Code   RO         4844    i.module_idx_get    nrf_log_frontend.o
    0x0001b3d0   0x0001b3d0   0x000000a6   Code   RO          912    i.name_encode       ble_advdata.o
    0x0001b476   0x0001b476   0x00000026   Code   RO         3965    i.nrf_atfifo_init   nrf_atfifo.o
    0x0001b49c   0x0001b49c   0x00000016   Code   RO         3966    i.nrf_atfifo_item_alloc  nrf_atfifo.o
    0x0001b4b2   0x0001b4b2   0x00000016   Code   RO         3967    i.nrf_atfifo_item_free  nrf_atfifo.o
    0x0001b4c8   0x0001b4c8   0x00000016   Code   RO         3968    i.nrf_atfifo_item_get  nrf_atfifo.o
    0x0001b4de   0x0001b4de   0x00000016   Code   RO         3969    i.nrf_atfifo_item_put  nrf_atfifo.o
    0x0001b4f4   0x0001b4f4   0x00000016   Code   RO         4031    i.nrf_atflags_clear  nrf_atflags.o
    0x0001b50a   0x0001b50a   0x00000016   Code   RO         4036    i.nrf_atflags_get   nrf_atflags.o
    0x0001b520   0x0001b520   0x00000014   Code   RO         4038    i.nrf_atflags_set   nrf_atflags.o
    0x0001b534   0x0001b534   0x00000006   Code   RO         4099    i.nrf_atomic_flag_clear_fetch  nrf_atomic.o
    0x0001b53a   0x0001b53a   0x00000006   Code   RO         4100    i.nrf_atomic_flag_set  nrf_atomic.o
    0x0001b540   0x0001b540   0x0000000c   Code   RO         4102    i.nrf_atomic_u32_add  nrf_atomic.o
    0x0001b54c   0x0001b54c   0x0000000c   Code   RO         4103    i.nrf_atomic_u32_and  nrf_atomic.o
    0x0001b558   0x0001b558   0x0000000a   Code   RO         4106    i.nrf_atomic_u32_fetch_and  nrf_atomic.o
    0x0001b562   0x0001b562   0x0000000a   Code   RO         4108    i.nrf_atomic_u32_fetch_store  nrf_atomic.o
    0x0001b56c   0x0001b56c   0x0000000c   Code   RO         4112    i.nrf_atomic_u32_or  nrf_atomic.o
    0x0001b578   0x0001b578   0x0000000c   Code   RO         4114    i.nrf_atomic_u32_sub  nrf_atomic.o
    0x0001b584   0x0001b584   0x00000044   Code   RO         4233    i.nrf_balloc_alloc  nrf_balloc.o
    0x0001b5c8   0x0001b5c8   0x00000030   Code   RO         4234    i.nrf_balloc_free   nrf_balloc.o
    0x0001b5f8   0x0001b5f8   0x00000030   Code   RO         4235    i.nrf_balloc_init   nrf_balloc.o
    0x0001b628   0x0001b628   0x00000010   Code   RO         2156    i.nrf_bitmask_bit_is_set  nrfx_gpiote.o
    0x0001b638   0x0001b638   0x00000022   Code   RO         1368    i.nrf_ble_gatt_init  nrf_ble_gatt.o
    0x0001b65a   0x0001b65a   0x00000002   PAD
    0x0001b65c   0x0001b65c   0x000000f4   Code   RO         1369    i.nrf_ble_gatt_on_ble_evt  nrf_ble_gatt.o
    0x0001b750   0x0001b750   0x00000016   Code   RO         1439    i.nrf_ble_qwr_conn_handle_assign  nrf_ble_qwr.o
    0x0001b766   0x0001b766   0x00000024   Code   RO         1440    i.nrf_ble_qwr_init  nrf_ble_qwr.o
    0x0001b78a   0x0001b78a   0x000000b6   Code   RO         1441    i.nrf_ble_qwr_on_ble_evt  nrf_ble_qwr.o
    0x0001b840   0x0001b840   0x0000000e   Code   RO         2021    i.nrf_clock_event_check  nrfx_clock.o
    0x0001b84e   0x0001b84e   0x00000010   Code   RO         2022    i.nrf_clock_event_clear  nrfx_clock.o
    0x0001b85e   0x0001b85e   0x00000002   PAD
    0x0001b860   0x0001b860   0x00000040   Code   RO         1674    i.nrf_drv_clock_init  nrf_drv_clock.o
    0x0001b8a0   0x0001b8a0   0x00000034   Code   RO         1678    i.nrf_drv_clock_lfclk_release  nrf_drv_clock.o
    0x0001b8d4   0x0001b8d4   0x00000054   Code   RO         1679    i.nrf_drv_clock_lfclk_request  nrf_drv_clock.o
    0x0001b928   0x0001b928   0x0000001a   Code   RO         4270    i.nrf_fprintf       nrf_fprintf.o
    0x0001b942   0x0001b942   0x00000018   Code   RO         4271    i.nrf_fprintf_buffer_flush  nrf_fprintf.o
    0x0001b95a   0x0001b95a   0x000001da   Code   RO         4311    i.nrf_fprintf_fmt   nrf_fprintf_format.o
    0x0001bb34   0x0001bb34   0x00000024   Code   RO          617    i.nrf_gpio_cfg      handles.o
    0x0001bb58   0x0001bb58   0x00000022   Code   RO         2159    i.nrf_gpio_cfg_sense_set  nrfx_gpiote.o
    0x0001bb7a   0x0001bb7a   0x00000002   PAD
    0x0001bb7c   0x0001bb7c   0x0000002c   Code   RO         2160    i.nrf_gpio_latches_read_and_clear  nrfx_gpiote.o
    0x0001bba8   0x0001bba8   0x00000014   Code   RO         2162    i.nrf_gpiote_event_clear  nrfx_gpiote.o
    0x0001bbbc   0x0001bbbc   0x00000010   Code   RO         2163    i.nrf_gpiote_event_is_set  nrfx_gpiote.o
    0x0001bbcc   0x0001bbcc   0x0000005c   Code   RO         4845    i.nrf_log_backend_add  nrf_log_frontend.o
    0x0001bc28   0x0001bc28   0x00000002   Code   RO         4684    i.nrf_log_backend_rtt_flush  nrf_log_backend_rtt.o
    0x0001bc2a   0x0001bc2a   0x00000004   Code   RO         4685    i.nrf_log_backend_rtt_init  nrf_log_backend_rtt.o
    0x0001bc2e   0x0001bc2e   0x00000002   Code   RO         4686    i.nrf_log_backend_rtt_panic_set  nrf_log_backend_rtt.o
    0x0001bc30   0x0001bc30   0x00000018   Code   RO         4687    i.nrf_log_backend_rtt_put  nrf_log_backend_rtt.o
    0x0001bc48   0x0001bc48   0x000000c2   Code   RO         4750    i.nrf_log_backend_serial_put  nrf_log_backend_serial.o
    0x0001bd0a   0x0001bd0a   0x00000002   PAD
    0x0001bd0c   0x0001bd0c   0x00000030   Code   RO         4847    i.nrf_log_color_id_get  nrf_log_frontend.o
    0x0001bd3c   0x0001bd3c   0x0000001c   Code   RO         4802    i.nrf_log_default_backends_init  nrf_log_default_backends.o
    0x0001bd58   0x0001bd58   0x00000234   Code   RO         4848    i.nrf_log_frontend_dequeue  nrf_log_frontend.o
    0x0001bf8c   0x0001bf8c   0x00000008   Code   RO         4850    i.nrf_log_frontend_std_0  nrf_log_frontend.o
    0x0001bf94   0x0001bf94   0x0000000e   Code   RO         4851    i.nrf_log_frontend_std_1  nrf_log_frontend.o
    0x0001bfa2   0x0001bfa2   0x00000010   Code   RO         4852    i.nrf_log_frontend_std_2  nrf_log_frontend.o
    0x0001bfb2   0x0001bfb2   0x0000001c   Code   RO         4855    i.nrf_log_frontend_std_5  nrf_log_frontend.o
    0x0001bfce   0x0001bfce   0x00000002   PAD
    0x0001bfd0   0x0001bfd0   0x000000b0   Code   RO         5031    i.nrf_log_hexdump_entry_process  nrf_log_str_formatter.o
    0x0001c080   0x0001c080   0x00000028   Code   RO         4857    i.nrf_log_init      nrf_log_frontend.o
    0x0001c0a8   0x0001c0a8   0x00000014   Code   RO         4858    i.nrf_log_module_cnt_get  nrf_log_frontend.o
    0x0001c0bc   0x0001c0bc   0x0000001c   Code   RO         4861    i.nrf_log_module_name_get  nrf_log_frontend.o
    0x0001c0d8   0x0001c0d8   0x00000028   Code   RO         4862    i.nrf_log_panic     nrf_log_frontend.o
    0x0001c100   0x0001c100   0x000000b6   Code   RO         5032    i.nrf_log_std_entry_process  nrf_log_str_formatter.o
    0x0001c1b6   0x0001c1b6   0x00000060   Code   RO         4350    i.nrf_memobj_alloc  nrf_memobj.o
    0x0001c216   0x0001c216   0x00000032   Code   RO         4351    i.nrf_memobj_free   nrf_memobj.o
    0x0001c248   0x0001c248   0x00000008   Code   RO         4352    i.nrf_memobj_get    nrf_memobj.o
    0x0001c250   0x0001c250   0x00000004   Code   RO         4353    i.nrf_memobj_pool_init  nrf_memobj.o
    0x0001c254   0x0001c254   0x0000001e   Code   RO         4354    i.nrf_memobj_put    nrf_memobj.o
    0x0001c272   0x0001c272   0x00000010   Code   RO         4355    i.nrf_memobj_read   nrf_memobj.o
    0x0001c282   0x0001c282   0x00000010   Code   RO         4356    i.nrf_memobj_write  nrf_memobj.o
    0x0001c292   0x0001c292   0x00000002   PAD
    0x0001c294   0x0001c294   0x00000028   Code   RO         4428    i.nrf_pwr_mgmt_init  nrf_pwr_mgmt.o
    0x0001c2bc   0x0001c2bc   0x00000014   Code   RO         4429    i.nrf_pwr_mgmt_run  nrf_pwr_mgmt.o
    0x0001c2d0   0x0001c2d0   0x00000024   Code   RO          456    i.nrf_qwr_error_handler  app_ble.o
    0x0001c2f4   0x0001c2f4   0x0000001c   Code   RO         4502    i.nrf_ringbuf_init  nrf_ringbuf.o
    0x0001c310   0x0001c310   0x0000000c   Code   RO         3771    i.nrf_rtc_event_clear  drv_rtc.o
    0x0001c31c   0x0001c31c   0x00000010   Code   RO         1502    i.nrf_saadc_buffer_init  nrfx_saadc.o
    0x0001c32c   0x0001c32c   0x00000014   Code   RO         1503    i.nrf_saadc_channel_input_set  nrfx_saadc.o
    0x0001c340   0x0001c340   0x00000010   Code   RO         1504    i.nrf_saadc_event_check  nrfx_saadc.o
    0x0001c350   0x0001c350   0x00000014   Code   RO         1505    i.nrf_saadc_event_clear  nrfx_saadc.o
    0x0001c364   0x0001c364   0x00000010   Code   RO         1506    i.nrf_saadc_limit_int_get  nrfx_saadc.o
    0x0001c374   0x0001c374   0x00000014   Code   RO         5559    i.nrf_sdh_ble_app_ram_start_get  nrf_sdh_ble.o
    0x0001c388   0x0001c388   0x0000007e   Code   RO         5560    i.nrf_sdh_ble_default_cfg_set  nrf_sdh_ble.o
    0x0001c406   0x0001c406   0x00000002   PAD
    0x0001c408   0x0001c408   0x00000014   Code   RO         5561    i.nrf_sdh_ble_enable  nrf_sdh_ble.o
    0x0001c41c   0x0001c41c   0x000000a0   Code   RO         5562    i.nrf_sdh_ble_evts_poll  nrf_sdh_ble.o
    0x0001c4bc   0x0001c4bc   0x00000074   Code   RO         5441    i.nrf_sdh_enable_request  nrf_sdh.o
    0x0001c530   0x0001c530   0x00000024   Code   RO         5442    i.nrf_sdh_evts_poll  nrf_sdh.o
    0x0001c554   0x0001c554   0x0000000c   Code   RO         5443    i.nrf_sdh_is_enabled  nrf_sdh.o
    0x0001c560   0x0001c560   0x00000080   Code   RO         5612    i.nrf_sdh_soc_evts_poll  nrf_sdh_soc.o
    0x0001c5e0   0x0001c5e0   0x0000000a   Code   RO         4560    i.nrf_section_iter_init  nrf_section_iter.o
    0x0001c5ea   0x0001c5ea   0x00000024   Code   RO         4561    i.nrf_section_iter_item_set  nrf_section_iter.o
    0x0001c60e   0x0001c60e   0x00000020   Code   RO         4562    i.nrf_section_iter_next  nrf_section_iter.o
    0x0001c62e   0x0001c62e   0x00000022   Code   RO         4595    i.nrf_sortlist_add  nrf_sortlist.o
    0x0001c650   0x0001c650   0x00000006   Code   RO         4597    i.nrf_sortlist_peek  nrf_sortlist.o
    0x0001c656   0x0001c656   0x0000000e   Code   RO         4598    i.nrf_sortlist_pop  nrf_sortlist.o
    0x0001c664   0x0001c664   0x0000001e   Code   RO         4599    i.nrf_sortlist_remove  nrf_sortlist.o
    0x0001c682   0x0001c682   0x00000002   PAD
    0x0001c684   0x0001c684   0x00000038   Code   RO         4651    i.nrf_strerror_find  nrf_strerror.o
    0x0001c6bc   0x0001c6bc   0x00000014   Code   RO         4652    i.nrf_strerror_get  nrf_strerror.o
    0x0001c6d0   0x0001c6d0   0x0000000a   Code   RO         2878    i.nrf_twim_event_check  nrfx_twim.o
    0x0001c6da   0x0001c6da   0x0000000c   Code   RO         2879    i.nrf_twim_event_clear  nrfx_twim.o
    0x0001c6e6   0x0001c6e6   0x00000002   PAD
    0x0001c6e8   0x0001c6e8   0x00000010   Code   RO         1681    i.nrf_wdt_started   nrf_drv_clock.o
    0x0001c6f8   0x0001c6f8   0x0000002c   Code   RO         2027    i.nrfx_clock_enable  nrfx_clock.o
    0x0001c724   0x0001c724   0x00000020   Code   RO         2030    i.nrfx_clock_init   nrfx_clock.o
    0x0001c744   0x0001c744   0x00000020   Code   RO         2032    i.nrfx_clock_lfclk_start  nrfx_clock.o
    0x0001c764   0x0001c764   0x00000030   Code   RO         2033    i.nrfx_clock_lfclk_stop  nrfx_clock.o
    0x0001c794   0x0001c794   0x00000010   Code   RO         1507    i.nrfx_coredep_delay_us  nrfx_saadc.o
    0x0001c7a4   0x0001c7a4   0x00000010   Code   RO         3772    i.nrfx_coredep_delay_us  drv_rtc.o
    0x0001c7b4   0x0001c7b4   0x000000a4   Code   RO         1509    i.nrfx_saadc_buffer_convert  nrfx_saadc.o
    0x0001c858   0x0001c858   0x000000ac   Code   RO         1511    i.nrfx_saadc_channel_init  nrfx_saadc.o
    0x0001c904   0x0001c904   0x00000044   Code   RO         1512    i.nrfx_saadc_channel_uninit  nrfx_saadc.o
    0x0001c948   0x0001c948   0x00000094   Code   RO         1513    i.nrfx_saadc_init   nrfx_saadc.o
    0x0001c9dc   0x0001c9dc   0x00000080   Code   RO         1515    i.nrfx_saadc_limits_set  nrfx_saadc.o
    0x0001ca5c   0x0001ca5c   0x0000002c   Code   RO         1516    i.nrfx_saadc_sample  nrfx_saadc.o
    0x0001ca88   0x0001ca88   0x00000074   Code   RO         1519    i.nrfx_saadc_uninit  nrfx_saadc.o
    0x0001cafc   0x0001cafc   0x00000018   Code   RO         5656    i.nvmc_config       system_nrf52_1.o
    0x0001cb14   0x0001cb14   0x0000003c   Code   RO          457    i.on_conn_params_evt  app_ble.o
    0x0001cb50   0x0001cb50   0x0000008c   Code   RO         1370    i.on_connected_evt  nrf_ble_gatt.o
    0x0001cbdc   0x0001cbdc   0x000000b0   Code   RO         1371    i.on_exchange_mtu_request_evt  nrf_ble_gatt.o
    0x0001cc8c   0x0001cc8c   0x000000e0   Code   RO          790    i.on_write          ble_torch_s.o
    0x0001cd6c   0x0001cd6c   0x000000b4   Code   RO         2196    i.port_event_handle  nrfx_gpiote.o
    0x0001ce20   0x0001ce20   0x00000010   Code   RO         2197    i.port_handler_polarity_get  nrfx_gpiote.o
    0x0001ce30   0x0001ce30   0x0000003c   Code   RO         5034    i.postfix_process   nrf_log_str_formatter.o
    0x0001ce6c   0x0001ce6c   0x00000098   Code   RO         5035    i.prefix_process    nrf_log_str_formatter.o
    0x0001cf04   0x0001cf04   0x0000005c   Code   RO         3554    i.rtc_irq           app_timer2.o
    0x0001cf60   0x0001cf60   0x00000070   Code   RO         3555    i.rtc_schedule      app_timer2.o
    0x0001cfd0   0x0001cfd0   0x0000008c   Code   RO         3556    i.rtc_update        app_timer2.o
    0x0001d05c   0x0001d05c   0x0000005c   Code   RO          348    i.saadc_callback    battery_level.o
    0x0001d0b8   0x0001d0b8   0x00000080   Code   RO          349    i.saadc_init        battery_level.o
    0x0001d138   0x0001d138   0x00000058   Code   RO         1682    i.sd_state_evt_handler  nrf_drv_clock.o
    0x0001d190   0x0001d190   0x00000030   Code   RO         5448    i.sdh_request_observer_notify  nrf_sdh.o
    0x0001d1c0   0x0001d1c0   0x0000002c   Code   RO         5449    i.sdh_state_observer_notify  nrf_sdh.o
    0x0001d1ec   0x0001d1ec   0x00000010   Code   RO         1040    i.send_error_evt    ble_conn_params.o
    0x0001d1fc   0x0001d1fc   0x00000050   Code   RO         4688    i.serial_tx         nrf_log_backend_rtt.o
    0x0001d24c   0x0001d24c   0x00000088   Code   RO          913    i.service_data_encode  ble_advdata.o
    0x0001d2d4   0x0001d2d4   0x00000074   Code   RO          458    i.services_init     app_ble.o
    0x0001d348   0x0001d348   0x0000002c   Code   RO          618    i.setLed            handles.o
    0x0001d374   0x0001d374   0x00000006   Code   RO          619    i.setLedOff         handles.o
    0x0001d37a   0x0001d37a   0x00000030   Code   RO         1311    i.set_security_req  ble_srv_common.o
    0x0001d3aa   0x0001d3aa   0x00000002   PAD
    0x0001d3ac   0x0001d3ac   0x00000018   Code   RO         1683    i.soc_evt_handler   nrf_drv_clock.o
    0x0001d3c4   0x0001d3c4   0x00000098   Code   RO         5451    i.softdevices_evt_irq_enable  nrf_sdh.o
    0x0001d45c   0x0001d45c   0x0000000c   Code   RO         3557    i.sortlist_pop      app_timer2.o
    0x0001d468   0x0001d468   0x00000098   Code   RO         4864    i.std_n             nrf_log_frontend.o
    0x0001d500   0x0001d500   0x00000098   Code   RO         3558    i.timer_expire      app_timer2.o
    0x0001d598   0x0001d598   0x00000080   Code   RO         3559    i.timer_req_process  app_timer2.o
    0x0001d618   0x0001d618   0x00000038   Code   RO         3560    i.timer_req_schedule  app_timer2.o
    0x0001d650   0x0001d650   0x00000050   Code   RO          620    i.timers_init       handles.o
    0x0001d6a0   0x0001d6a0   0x00000194   Code   RO         2891    i.twim_irq_handler  nrfx_twim.o
    0x0001d834   0x0001d834   0x0000000a   Code   RO          914    i.uint16_encode     ble_advdata.o
    0x0001d83e   0x0001d83e   0x00000002   PAD
    0x0001d840   0x0001d840   0x000000b4   Code   RO         4312    i.unsigned_print    nrf_fprintf_format.o
    0x0001d8f4   0x0001d8f4   0x00000068   Code   RO         1041    i.update_timeout_handler  ble_conn_params.o
    0x0001d95c   0x0001d95c   0x00000024   Code   RO         1442    i.user_mem_reply    nrf_ble_qwr.o
    0x0001d980   0x0001d980   0x00000030   Code   RO          915    i.uuid_list_encode  ble_advdata.o
    0x0001d9b0   0x0001d9b0   0x0000009e   Code   RO          916    i.uuid_list_sized_encode  ble_advdata.o
    0x0001da4e   0x0001da4e   0x00000062   Code   RO         2893    i.xfer_completeness_check  nrfx_twim.o
    0x0001dab0   0x0001dab0   0x0000000d   Data   RO          350    .constdata          battery_level.o
    0x0001dabd   0x0001dabd   0x00000003   PAD
    0x0001dac0   0x0001dac0   0x00000016   Data   RO          624    .constdata          handles.o
    0x0001dad6   0x0001dad6   0x00000002   PAD
    0x0001dad8   0x0001dad8   0x00000010   Data   RO          794    .constdata          ble_torch_s.o
    0x0001dae8   0x0001dae8   0x0000000e   Data   RO         1372    .constdata          nrf_ble_gatt.o
    0x0001daf6   0x0001daf6   0x0000000a   PAD
    0x0001db00   0x0001db00   0x00000006   Data   RO         1521    .constdata          nrfx_saadc.o
    0x0001db06   0x0001db06   0x00000002   PAD
    0x0001db08   0x0001db08   0x00000004   Data   RO         2199    .constdata          nrfx_gpiote.o
    0x0001db0c   0x0001db0c   0x00000014   Data   RO         3563    .constdata          app_timer2.o
    0x0001db20   0x0001db20   0x00000006   Data   RO         3773    .constdata          drv_rtc.o
    0x0001db26   0x0001db26   0x00000010   Data   RO         4313    .constdata          nrf_fprintf_format.o
    0x0001db36   0x0001db36   0x00000002   PAD
    0x0001db38   0x0001db38   0x00000018   Data   RO         4433    .constdata          nrf_pwr_mgmt.o
    0x0001db50   0x0001db50   0x0000000c   Data   RO         4434    .constdata          nrf_pwr_mgmt.o
    0x0001db5c   0x0001db5c   0x0000013c   Data   RO         4653    .constdata          nrf_strerror.o
    0x0001dc98   0x0001dc98   0x0000000c   Data   RO         4690    .constdata          nrf_log_backend_rtt.o
    0x0001dca4   0x0001dca4   0x0000000c   PAD
    0x0001dcb0   0x0001dcb0   0x00000006   Data   RO         4691    .constdata          nrf_log_backend_rtt.o
    0x0001dcb6   0x0001dcb6   0x00000002   PAD
    0x0001dcb8   0x0001dcb8   0x0000000c   Data   RO         4869    .constdata          nrf_log_frontend.o
    0x0001dcc4   0x0001dcc4   0x00000010   Data   RO         5452    .constdata          nrf_sdh.o
    0x0001dcd4   0x0001dcd4   0x00000028   Data   RO         5453    .constdata          nrf_sdh.o
    0x0001dcfc   0x0001dcfc   0x00000010   Data   RO         5454    .constdata          nrf_sdh.o
    0x0001dd0c   0x0001dd0c   0x00000010   Data   RO         5455    .constdata          nrf_sdh.o
    0x0001dd1c   0x0001dd1c   0x00000020   Data   RO         5563    .constdata          nrf_sdh_ble.o
    0x0001dd3c   0x0001dd3c   0x00000010   Data   RO         5564    .constdata          nrf_sdh_ble.o
    0x0001dd4c   0x0001dd4c   0x00000010   Data   RO         5613    .constdata          nrf_sdh_soc.o
    0x0001dd5c   0x0001dd5c   0x0000000c   Data   RO         5614    .constdata          nrf_sdh_soc.o
    0x0001dd68   0x0001dd68   0x00000081   Data   RO         5731    .constdata          mc_w.l(ctype_o.o)
    0x0001dde9   0x0001dde9   0x00000003   PAD
    0x0001ddec   0x0001ddec   0x00000004   Data   RO         5732    .constdata          mc_w.l(ctype_o.o)
    0x0001ddf0   0x0001ddf0   0x000003eb   Data   RO         4654    .conststring        nrf_strerror.o
    0x0001e1db   0x0001e1db   0x00000001   PAD
    0x0001e1dc   0x0001e1dc   0x00000066   Data   RO         5036    .conststring        nrf_log_str_formatter.o
    0x0001e242   0x0001e242   0x00000002   PAD
    0x0001e244   0x0001e244   0x0000000d   Data   RO         1373    .conststrlit        nrf_ble_gatt.o
    0x0001e251   0x0001e251   0x00000003   PAD
    0x0001e254   0x0001e254   0x00000006   Data   RO         1529    .conststrlit        nrfx_saadc.o
    0x0001e25a   0x0001e25a   0x00000002   PAD
    0x0001e25c   0x0001e25c   0x00000006   Data   RO         1689    .conststrlit        nrf_drv_clock.o
    0x0001e262   0x0001e262   0x00000002   PAD
    0x0001e264   0x0001e264   0x00000006   Data   RO         2037    .conststrlit        nrfx_clock.o
    0x0001e26a   0x0001e26a   0x00000002   PAD
    0x0001e26c   0x0001e26c   0x00000007   Data   RO         2203    .conststrlit        nrfx_gpiote.o
    0x0001e273   0x0001e273   0x00000001   PAD
    0x0001e274   0x0001e274   0x00000004   Data   RO         2462    .conststrlit        nrfx_prs.o
    0x0001e278   0x0001e278   0x00000005   Data   RO         2542    .conststrlit        nrfx_uart.o
    0x0001e27d   0x0001e27d   0x00000003   PAD
    0x0001e280   0x0001e280   0x00000006   Data   RO         2723    .conststrlit        nrfx_uarte.o
    0x0001e286   0x0001e286   0x00000002   PAD
    0x0001e288   0x0001e288   0x00000005   Data   RO         2899    .conststrlit        nrfx_twim.o
    0x0001e28d   0x0001e28d   0x00000003   PAD
    0x0001e290   0x0001e290   0x00000004   Data   RO         3171    .conststrlit        nrfx_ppi.o
    0x0001e294   0x0001e294   0x0000000b   Data   RO         3306    .conststrlit        app_button.o
    0x0001e29f   0x0001e29f   0x00000001   PAD
    0x0001e2a0   0x0001e2a0   0x0000000a   Data   RO         3564    .conststrlit        app_timer2.o
    0x0001e2aa   0x0001e2aa   0x00000002   PAD
    0x0001e2ac   0x0001e2ac   0x00000009   Data   RO         4435    .conststrlit        nrf_pwr_mgmt.o
    0x0001e2b5   0x0001e2b5   0x00000003   PAD
    0x0001e2b8   0x0001e2b8   0x00000009   Data   RO         4600    .conststrlit        nrf_sortlist.o
    0x0001e2c1   0x0001e2c1   0x00000003   PAD
    0x0001e2c4   0x0001e2c4   0x00000010   Data   RO         4803    .conststrlit        nrf_log_default_backends.o
    0x0001e2d4   0x0001e2d4   0x00000004   Data   RO         4870    .conststrlit        nrf_log_frontend.o
    0x0001e2d8   0x0001e2d8   0x00000008   Data   RO         5456    .conststrlit        nrf_sdh.o
    0x0001e2e0   0x0001e2e0   0x0000000c   Data   RO         5565    .conststrlit        nrf_sdh_ble.o
    0x0001e2ec   0x0001e2ec   0x0000000c   Data   RO         5615    .conststrlit        nrf_sdh_soc.o
    0x0001e2f8   0x0001e2f8   0x00000020   Data   RO         5794    Region$$Table       anon$$obj.o
    0x0001e318   0x0001e318   0x00000010   Data   RO         4805    log_backends        nrf_log_default_backends.o
    0x0001e328   0x0001e328   0x00000008   Data   RO         1374    log_const_data      nrf_ble_gatt.o
    0x0001e330   0x0001e330   0x00000008   Data   RO         1530    log_const_data      nrfx_saadc.o
    0x0001e338   0x0001e338   0x00000008   Data   RO         1690    log_const_data      nrf_drv_clock.o
    0x0001e340   0x0001e340   0x00000008   Data   RO         2039    log_const_data      nrfx_clock.o
    0x0001e348   0x0001e348   0x00000008   Data   RO         2204    log_const_data      nrfx_gpiote.o
    0x0001e350   0x0001e350   0x00000008   Data   RO         2464    log_const_data      nrfx_prs.o
    0x0001e358   0x0001e358   0x00000008   Data   RO         2543    log_const_data      nrfx_uart.o
    0x0001e360   0x0001e360   0x00000008   Data   RO         2724    log_const_data      nrfx_uarte.o
    0x0001e368   0x0001e368   0x00000008   Data   RO         2900    log_const_data      nrfx_twim.o
    0x0001e370   0x0001e370   0x00000008   Data   RO         3173    log_const_data      nrfx_ppi.o
    0x0001e378   0x0001e378   0x00000008   Data   RO         3309    log_const_data      app_button.o
    0x0001e380   0x0001e380   0x00000008   Data   RO         3567    log_const_data      app_timer2.o
    0x0001e388   0x0001e388   0x00000008   Data   RO         4437    log_const_data      nrf_pwr_mgmt.o
    0x0001e390   0x0001e390   0x00000008   Data   RO         4601    log_const_data      nrf_sortlist.o
    0x0001e398   0x0001e398   0x00000008   Data   RO         4874    log_const_data      nrf_log_frontend.o
    0x0001e3a0   0x0001e3a0   0x00000008   Data   RO         5458    log_const_data      nrf_sdh.o
    0x0001e3a8   0x0001e3a8   0x00000008   Data   RO         5567    log_const_data      nrf_sdh_ble.o
    0x0001e3b0   0x0001e3b0   0x00000008   Data   RO         5616    log_const_data      nrf_sdh_soc.o
    0x0001e3b8   0x0001e3b8   0x00000014   Data   RO         4875    nrf_balloc          nrf_log_frontend.o
    0x0001e3cc   0x0001e3cc   0x00000008   Data   RO         1158    sdh_ble_observers0  ble_conn_state.o
    0x0001e3d4   0x0001e3d4   0x00000010   Data   RO            8    sdh_ble_observers1  main.o
    0x0001e3e4   0x0001e3e4   0x00000010   Data   RO          463    sdh_ble_observers1  app_ble.o
    0x0001e3f4   0x0001e3f4   0x00000010   Data   RO          626    sdh_ble_observers1  handles.o
    0x0001e404   0x0001e404   0x00000010   Data   RO          795    sdh_ble_observers1  ble_torch_s.o
    0x0001e414   0x0001e414   0x00000008   Data   RO         1044    sdh_ble_observers1  ble_conn_params.o
    0x0001e41c   0x0001e41c   0x00000008   Data   RO            9    sdh_ble_observers2  main.o
    0x0001e424   0x0001e424   0x00000008   Data   RO          464    sdh_ble_observers2  app_ble.o
    0x0001e42c   0x0001e42c   0x00000008   Data   RO          627    sdh_ble_observers2  handles.o
    0x0001e434   0x0001e434   0x00000008   Data   RO          796    sdh_ble_observers2  ble_torch_s.o
    0x0001e43c   0x0001e43c   0x00000008   Data   RO          465    sdh_ble_observers3  app_ble.o
    0x0001e444   0x0001e444   0x00000008   Data   RO         1691    sdh_soc_observers0  nrf_drv_clock.o
    0x0001e44c   0x0001e44c   0x00000008   Data   RO         5568    sdh_stack_observers0  nrf_sdh_ble.o
    0x0001e454   0x0001e454   0x00000008   Data   RO         5617    sdh_stack_observers0  nrf_sdh_soc.o
    0x0001e45c   0x0001e45c   0x00000008   Data   RO         1692    sdh_state_observers0  nrf_drv_clock.o


    Execution Region RW_IRAM1 (Exec base: 0x20001ae0, Load base: 0x0001e464, Size: 0x000014e0, Max: 0x00004520, ABSOLUTE)

    Exec Addr    Load Addr    Size         Type   Attr      Idx    E Section Name        Object

    0x20001ae0   0x0001e464   0x00000004   Data   RW          351    .data               battery_level.o
    0x20001ae4   0x0001e468   0x00000014   Data   RW          462    .data               app_ble.o
    0x20001af8   0x0001e47c   0x00000020   Data   RW          625    .data               handles.o
    0x20001b18   0x0001e49c   0x00000008   Data   RW         1043    .data               ble_conn_params.o
    0x20001b20   0x0001e4a4   0x00000008   Data   RW         2038    .data               nrfx_clock.o
    0x20001b28   0x0001e4ac   0x00000008   Data   RW         2463    .data               nrfx_prs.o
    0x20001b30   0x0001e4b4   0x00000020   Data   RW         3565    .data               app_timer2.o
    0x20001b50   0x0001e4d4   0x00000004   Data   RW         3566    .data               app_timer2.o
    0x20001b54   0x0001e4d8   0x0000000c   Data   RW         3774    .data               drv_rtc.o
    0x20001b60   0x0001e4e4   0x00000008   Data   RW         4436    .data               nrf_pwr_mgmt.o
    0x20001b68   0x0001e4ec   0x00000001   Data   RW         4692    .data               nrf_log_backend_rtt.o
    0x20001b69   0x0001e4ed   0x00000003   PAD
    0x20001b6c   0x0001e4f0   0x00000008   Data   RW         4804    .data               nrf_log_default_backends.o
    0x20001b74   0x0001e4f8   0x00000004   Data   RW         4871    .data               nrf_log_frontend.o
    0x20001b78   0x0001e4fc   0x00000008   Data   RW         4872    .data               nrf_log_frontend.o
    0x20001b80   0x0001e504   0x00000008   Data   RW         4873    .data               nrf_log_frontend.o
    0x20001b88   0x0001e50c   0x00000040   Data   RW         5037    .data               nrf_log_str_formatter.o
    0x20001bc8   0x0001e54c   0x00000003   Data   RW         5457    .data               nrf_sdh.o
    0x20001bcb   0x0001e54f   0x00000001   Data   RW         5566    .data               nrf_sdh_ble.o
    0x20001bcc   0x0001e550   0x00000004   Data   RW         5658    .data               system_nrf52_1.o
    0x20001bd0        -       0x00000030   Zero   RW            5    .bss                main.o
    0x20001c00        -       0x00000010   Zero   RW            6    .bss                main.o
    0x20001c10        -       0x0000000c   Zero   RW            7    .bss                main.o
    0x20001c1c        -       0x0000004c   Zero   RW          459    .bss                app_ble.o
    0x20001c68        -       0x0000001f   Zero   RW          460    .bss                app_ble.o
    0x20001c87        -       0x0000001f   Zero   RW          461    .bss                app_ble.o
    0x20001ca6   0x0001e554   0x00000002   PAD
    0x20001ca8        -       0x00000030   Zero   RW          621    .bss                handles.o
    0x20001cd8        -       0x00000010   Zero   RW          622    .bss                handles.o
    0x20001ce8        -       0x0000000c   Zero   RW          623    .bss                handles.o
    0x20001cf4        -       0x00000030   Zero   RW          791    .bss                ble_torch_s.o
    0x20001d24        -       0x00000010   Zero   RW          792    .bss                ble_torch_s.o
    0x20001d34        -       0x0000000c   Zero   RW          793    .bss                ble_torch_s.o
    0x20001d40        -       0x00000050   Zero   RW         1042    .bss                ble_conn_params.o
    0x20001d90        -       0x0000007c   Zero   RW         1157    .bss                ble_conn_state.o
    0x20001e0c        -       0x00000030   Zero   RW         1520    .bss                nrfx_saadc.o
    0x20001e3c        -       0x00000014   Zero   RW         1684    .bss                nrf_drv_clock.o
    0x20001e50        -       0x0000005c   Zero   RW         2198    .bss                nrfx_gpiote.o
    0x20001eac        -       0x00000034   Zero   RW         2894    .bss                nrfx_twim.o
    0x20001ee0        -       0x00000020   Zero   RW         3397    .bss                app_error.o
    0x20001f00        -       0x00000010   Zero   RW         3561    .bss                app_timer2.o
    0x20001f10        -       0x00000058   Zero   RW         3562    .bss                app_timer2.o
    0x20001f68        -       0x0000000c   Zero   RW         3688    .bss                app_util_platform.o
    0x20001f74        -       0x0000000c   Zero   RW         4432    .bss                nrf_pwr_mgmt.o
    0x20001f80        -       0x00000040   Zero   RW         4689    .bss                nrf_log_backend_rtt.o
    0x20001fc0        -       0x000000c0   Zero   RW         4865    .bss                nrf_log_frontend.o
    0x20002080        -       0x00000080   Zero   RW         4866    .bss                nrf_log_frontend.o
    0x20002100        -       0x00000018   Zero   RW         4867    .bss                nrf_log_frontend.o
    0x20002118        -       0x00000420   Zero   RW         4868    .bss                nrf_log_frontend.o
    0x20002538        -       0x00000288   Zero   RW         5113    .bss                segger_rtt.o
    0x200027c0        -       0x00000800   Zero   RW         5644    STACK               arm_startup_nrf52810.o


==============================================================================

Image component sizes


      Code (inc. data)   RO Data    RW Data    ZI Data      Debug   Object Name

      1264        478         32         20        138      57764   app_ble.o
         0          0         19          0          0       6723   app_button.o
       100          4          0          0         32       3606   app_error.o
        26          0          0          0          0        556   app_error_handler_keil.o
       356        194          0          0          0       8207   app_error_weak.o
      1056         92         38         36        104      17069   app_timer2.o
       124         14          0          0         12      10726   app_util_platform.o
        84         22        512          0       2048        936   arm_startup_nrf52810.o
       234        106         13          4          0      20612   battery_level.o
      1236          0          0          0          0      95275   ble_advdata.o
       636         44          8          8         80      20747   ble_conn_params.o
       400         66          8          0        124       6365   ble_conn_state.o
       456          6          0          0          0       3371   ble_srv_common.o
       492         90         40          0         76       4438   ble_torch_s.o
       704         76          6         12          0      47853   drv_rtc.o
       426        102         46         32         76      22052   handles.o
       124         18         24          0         76     126313   main.o
       326          0          0          0          0       5891   nrf_atfifo.o
        64          0          0          0          0       3016   nrf_atflags.o
       306          0          0          0          0       7919   nrf_atomic.o
       164          0          0          0          0       3616   nrf_balloc.o
       608        186         35          0          0       7679   nrf_ble_gatt.o
       276          0          0          0          0       6233   nrf_ble_qwr.o
       418         42         30          0         20      49198   nrf_drv_clock.o
        50          0          0          0          0       3617   nrf_fprintf.o
       866          4         16          0          0       6534   nrf_fprintf_format.o
       112         18         18          1         64       5649   nrf_log_backend_rtt.o
       194          0          0          0          0      11029   nrf_log_backend_serial.o
        28          4         32          8          0       3397   nrf_log_default_backends.o
      1508        128         44         20       1400      31158   nrf_log_frontend.o
       570        108        102         64          0       5672   nrf_log_str_formatter.o
       346          0          0          0          0       9503   nrf_memobj.o
        60         12         53          8         12      35270   nrf_pwr_mgmt.o
        28          0          0          0          0       2423   nrf_ringbuf.o
       448        106        104          3          0      42738   nrf_sdh.o
       326         84         76          1          0       5525   nrf_sdh_ble.o
       128         68         56          0          0       2412   nrf_sdh_soc.o
        78          0          0          0          0       2768   nrf_section_iter.o
        84          0         17          0          0       4113   nrf_sortlist.o
        76         10       1319          0          0       2775   nrf_strerror.o
       274         38         14          8          0      16474   nrfx_clock.o
       506         38         19          0         92      21533   nrfx_gpiote.o
         0          0         12          0          0        448   nrfx_ppi.o
        12          6         12          8          0       2178   nrfx_prs.o
      1272        108         20          0         48      58705   nrfx_saadc.o
       566         12         13          0         52      48941   nrfx_twim.o
         0          0         13          0          0       7500   nrfx_uart.o
         0          0         14          0          0      10882   nrfx_uarte.o
       378         34          0          0        648       9005   segger_rtt.o
       412         50          0          4          0      29305   system_nrf52_1.o

    ----------------------------------------------------------------------
     18244       2368       2860        240       5104     915719   Object Totals
         0          0         32          0          0          0   (incl. Generated)
        42          0         63          3          2          0   (incl. Padding)

    ----------------------------------------------------------------------

      Code (inc. data)   RO Data    RW Data    ZI Data      Debug   Library Member Name

         8          4        133          0          0         68   ctype_o.o
         0          0          0          0          0          0   entry.o
         0          0          0          0          0          0   entry10a.o
         0          0          0          0          0          0   entry11a.o
         4          0          0          0          0          0   entry12b.o
         8          4          0          0          0          0   entry2.o
         4          0          0          0          0          0   entry5.o
         0          0          0          0          0          0   entry7b.o
         0          0          0          0          0          0   entry8b.o
         8          4          0          0          0          0   entry9a.o
        30          0          0          0          0          0   handlers.o
        36          8          0          0          0         68   init.o
        30          0          0          0          0         68   llshl.o
        32          0          0          0          0         68   llushr.o
        36          0          0          0          0         68   memcpya.o
        36          0          0          0          0        108   memseta.o
        18          0          0          0          0         68   strcpy.o
        14          0          0          0          0         68   strlen.o
        98          0          0          0          0         92   uldiv.o

    ----------------------------------------------------------------------
       364         20        136          0          0        676   Library Totals
         2          0          3          0          0          0   (incl. Padding)

    ----------------------------------------------------------------------

      Code (inc. data)   RO Data    RW Data    ZI Data      Debug   Library Name

       362         20        133          0          0        676   mc_w.l

    ----------------------------------------------------------------------
       364         20        136          0          0        676   Library Totals

    ----------------------------------------------------------------------

==============================================================================


      Code (inc. data)   RO Data    RW Data    ZI Data      Debug   

     18608       2388       2996        240       5104     904015   Grand Totals
     18608       2388       2996        240       5104     904015   ELF Image Totals
     18608       2388       2996        240          0          0   ROM Totals

==============================================================================

    Total RO  Size (Code + RO Data)                21604 (  21.10kB)
    Total RW  Size (RW Data + ZI Data)              5344 (   5.22kB)
    Total ROM Size (Code + RO Data + RW Data)      21844 (  21.33kB)

==============================================================================

